Microchip MPLAB XC8 Compiler V1.21 ()

Linker command line:

--edf=/opt/microchip/xc8/v1.21/dat/en_msgs.txt -cs \
  -h+dist/Relocated/production/odessa_expansion.X.production.sym \
  --cmf=dist/Relocated/production/odessa_expansion.X.production.cmf -z \
  -Q18F26K80 -o/tmp/cgtBwtHcX \
  -Mdist/Relocated/production/odessa_expansion.X.production.map -E1 \
  -ver=XC8 -ACODE=0800h-0FFFFh -ACONST=0800h-0FFFFh \
  -ASMALLCONST=0F00h-0FFFhx241 -AMEDIUMCONST=0F00h-0FFFFh -ACOMRAM=01h-05Fh \
  -AABS1=00h-0E40h -ABIGRAM=01h-0E40h \
  -ARAM=060h-0FFh,0100h-01FFhx13,0E00h-0E40h -ABANK0=060h-0FFh \
  -ABANK1=0100h-01FFh -ABANK2=0200h-02FFh -ABANK3=0300h-03FFh \
  -ABANK4=0400h-04FFh -ABANK5=0500h-05FFh -ABANK6=0600h-06FFh \
  -ABANK7=0700h-07FFh -ABANK8=0800h-08FFh -ABANK9=0900h-09FFh \
  -ABANK10=0A00h-0AFFh -ABANK11=0B00h-0BFFh -ABANK12=0C00h-0CFFh \
  -ABANK13=0D00h-0DFFh -ABANK14=0E00h-0E40h \
  -ASFR=0E41h-0EFFh,0F00h-0F5Fh,0F60h-0FFFh \
  -preset_vec=0800h,intcode,intcodelo=0818h,powerup,init,end_init \
  -pramtop=0F00h -psmallconst=SMALLCONST -pmediumconst=MEDIUMCONST \
  -pconst=CONST -AFARRAM=00h-00h -ACONFIG=0300000h-030000Dh -pconfig=CONFIG \
  -AIDLOC=0200000h-0200007h -pidloc=IDLOC -AEEDATA=0F00000h-0F003FFh \
  -peeprom_data=EEDATA \
  -prdata=COMRAM,nvrram=COMRAM,nvbit=COMRAM,rbss=COMRAM,rbit=COMRAM \
  -pfarbss=FARRAM,fardata=FARRAM,nvFARRAM=FARRAM \
  -pintsave_regs=BIGRAM,bigbss=BIGRAM,bigdata=BIGRAM -pbss=RAM \
  -pidata=CODE,irdata=CODE,ibigdata=CODE,ifardata=CODE /tmp/cgtJb7yzt.obj \
  dist/Relocated/production/odessa_expansion.X.production.obj 

Object code version is 3.11

Machine type is 18F26K80

Call graph: (short form)




                Name                               Link     Load   Length Selector   Space Scale
/tmp/cgtJb7yzt.obj
                end_init                            8B6      8B6        4      40C       0
                reset_vec                           800      800        4      400       0
                idloc                            200000   200000        8   200000       0
                config                           300000   300000        E   300000       0
dist/Relocated/production/odessa_expansion.X.production.obj
                intcodelo                           818      818       9E      40C       0
                smallconst                          F00      F00       22      780       0
                text77                             3110     3110       12      791       0
                text75                             2966     2966       9C      791       0
                text74                             24B8     24B8       D8      791       0
                text73                             30FE     30FE       12      791       0
                text72                             30EC     30EC       12      791       0
                text71                             2FCC     2FCC       1E      791       0
                text70                             3056     3056       18      791       0
                text69                             2A02     2A02       8A      791       0
                text68                             2CDC     2CDC       36      791       0
                text67                             315C     315C        6      791       0
                text66                             2C6C     2C6C       3A      791       0
                text65                             309A     309A       16      791       0
                text64                             2F12     2F12       24      791       0
                text63                             303E     303E       18      791       0
                text62                             3022     3022       1C      791       0
                text61                             2730     2730       CA      791       0
                text60                             3166     3166        4      791       0
                text59                             2CA6     2CA6       36      791       0
                text58                             2A8C     2A8C       7E      791       0
                text57                             1EA8     1EA8      164      791       0
                text56                             1810     1810      1F8      791       0
                text55                             2EA4     2EA4       26      791       0
                text54                             2B0A     2B0A       74      791       0
                text53                             2E00     2E00       2C      791       0
                text52                             200C     200C      150      791       0
                text51                             1D44     1D44      164      791       0
                text50                             2DD2     2DD2       2E      791       0
                text49                             28B2     28B2       B4      791       0
                text48                             2DA2     2DA2       30      791       0
                text47                             2FAE     2FAE       1E      791       0
                text46                             27FA     27FA       B8      791       0
                text45                             2F90     2F90       1E      791       0
                text44                             3084     3084       16      791       0
                text43                             317A     317A        2      791       0
                text42                             2F72     2F72       1E      791       0
                text41                             314A     314A        A      791       0
                text40                             2C26     2C26       46      791       0
                text39                             2D72     2D72       30      791       0
                text38                             2E2C     2E2C       2A      791       0
                text37                             3178     3178        2      791       0
                text36                             3176     3176        2      791       0
                text35                             3174     3174        2      791       0
                text34                             30D8     30D8       14      791       0
                text33                             3006     3006       1C      791       0
                text32                             30C4     30C4       14      791       0
                text31                             30B0     30B0       14      791       0
                text30                             3172     3172        2      791       0
                text29                             3170     3170        2      791       0
                text28                             3140     3140        A      791       0
                text27                             3136     3136        A      791       0
                text26                             316E     316E        2      791       0
                text25                             1A08     1A08      1B0      791       0
                text24                             306E     306E       16      791       0
                text23                             1BB8     1BB8      18C      791       0
                text22                             215C     215C      134      791       0
                text21                             2EEE     2EEE       24      791       0
                text20                             2ECA     2ECA       24      791       0
                text19                             2FEA     2FEA       1C      791       0
                text18                             3154     3154        8      791       0
                text17                             23A8     23A8      110      791       0
                text16                             2F54     2F54       1E      791       0
                text15                             2E56     2E56       28      791       0
                text14                              F22      F22      63A      791       0
                text13                             2B7E     2B7E       56      791       0
                text12                             2660     2660       D0      791       0
                text11                             2590     2590       D0      791       0
                text10                             2D42     2D42       30      791       0
                text9                              2D12     2D12       30      791       0
                text8                              155C     155C      2B4      791       0
                text7                              3162     3162        4      791       0
                text6                              312C     312C        A      791       0
                text5                              3122     3122        A      791       0
                text4                              2E7E     2E7E       26      791       0
                text3                              2BD4     2BD4       52      791       0
                text2                              316C     316C        2      791       0
                text1                              316A     316A        2      791       0
                text0                              2290     2290      118      791       0
                cstackCOMRAM                          1        1       51        1       1
                cstackBANK0                          91       91       30       60       1
                bssBANK0                             60       60       31       60       1
                bssCOMRAM                            52       52        7        1       1
                cinit                              2F36     2F36       1E      791       0

TOTAL           Name                               Link     Load   Length     Space
        CLASS   CODE           
                end_init                            8B6      8B6        4         0
                intcodelo                           818      818       9E         0
                reset_vec                           800      800        4         0
                text77                             3110     3110       12         0
                text75                             2966     2966       9C         0
                text74                             24B8     24B8       D8         0
                text73                             30FE     30FE       12         0
                text72                             30EC     30EC       12         0
                text71                             2FCC     2FCC       1E         0
                text70                             3056     3056       18         0
                text69                             2A02     2A02       8A         0
                text68                             2CDC     2CDC       36         0
                text67                             315C     315C        6         0
                text66                             2C6C     2C6C       3A         0
                text65                             309A     309A       16         0
                text64                             2F12     2F12       24         0
                text63                             303E     303E       18         0
                text62                             3022     3022       1C         0
                text61                             2730     2730       CA         0
                text60                             3166     3166        4         0
                text59                             2CA6     2CA6       36         0
                text58                             2A8C     2A8C       7E         0
                text57                             1EA8     1EA8      164         0
                text56                             1810     1810      1F8         0
                text55                             2EA4     2EA4       26         0
                text54                             2B0A     2B0A       74         0
                text53                             2E00     2E00       2C         0
                text52                             200C     200C      150         0
                text51                             1D44     1D44      164         0
                text50                             2DD2     2DD2       2E         0
                text49                             28B2     28B2       B4         0
                text48                             2DA2     2DA2       30         0
                text47                             2FAE     2FAE       1E         0
                text46                             27FA     27FA       B8         0
                text45                             2F90     2F90       1E         0
                text44                             3084     3084       16         0
                text43                             317A     317A        2         0
                text42                             2F72     2F72       1E         0
                text41                             314A     314A        A         0
                text40                             2C26     2C26       46         0
                text39                             2D72     2D72       30         0
                text38                             2E2C     2E2C       2A         0
                text37                             3178     3178        2         0
                text36                             3176     3176        2         0
                text35                             3174     3174        2         0
                text34                             30D8     30D8       14         0
                text33                             3006     3006       1C         0
                text32                             30C4     30C4       14         0
                text31                             30B0     30B0       14         0
                text30                             3172     3172        2         0
                text29                             3170     3170        2         0
                text28                             3140     3140        A         0
                text27                             3136     3136        A         0
                text26                             316E     316E        2         0
                text25                             1A08     1A08      1B0         0
                text24                             306E     306E       16         0
                text23                             1BB8     1BB8      18C         0
                text22                             215C     215C      134         0
                text21                             2EEE     2EEE       24         0
                text20                             2ECA     2ECA       24         0
                text19                             2FEA     2FEA       1C         0
                text18                             3154     3154        8         0
                text17                             23A8     23A8      110         0
                text16                             2F54     2F54       1E         0
                text15                             2E56     2E56       28         0
                text14                              F22      F22      63A         0
                text13                             2B7E     2B7E       56         0
                text12                             2660     2660       D0         0
                text11                             2590     2590       D0         0
                text10                             2D42     2D42       30         0
                text9                              2D12     2D12       30         0
                text8                              155C     155C      2B4         0
                text7                              3162     3162        4         0
                text6                              312C     312C        A         0
                text5                              3122     3122        A         0
                text4                              2E7E     2E7E       26         0
                text3                              2BD4     2BD4       52         0
                text2                              316C     316C        2         0
                text1                              316A     316A        2         0
                text0                              2290     2290      118         0
                cinit                              2F36     2F36       1E         0

        CLASS   CONST          

        CLASS   SMALLCONST     
                smallconst                          F00      F00       22         0

        CLASS   MEDIUMCONST    

        CLASS   COMRAM         
                cstackCOMRAM                          1        1       51         1
                bssCOMRAM                            52       52        7         1

        CLASS   ABS1           

        CLASS   BIGRAM         

        CLASS   RAM            

        CLASS   BANK0          
                cstackBANK0                          91       91       30         1
                bssBANK0                             60       60       31         1

        CLASS   BANK1          

        CLASS   BANK2          

        CLASS   BANK3          

        CLASS   BANK4          

        CLASS   BANK5          

        CLASS   BANK6          

        CLASS   BANK7          

        CLASS   BANK8          

        CLASS   BANK9          

        CLASS   BANK10         

        CLASS   BANK11         

        CLASS   BANK12         

        CLASS   BANK13         

        CLASS   BANK14         

        CLASS   SFR            

        CLASS   FARRAM         

        CLASS   CONFIG         
                config                           300000   300000        E         0

        CLASS   IDLOC          
                idloc                            200000   200000        8         0

        CLASS   EEDATA         



SEGMENTS        Name                           Load    Length   Top    Selector   Space  Class

                cstackCOMRAM                   000001  000058  000059         1       1  COMRAM  
                bssBANK0                       000060  000061  0000C1        60       1  BANK0   
                reset_vec                      000800  000004  000804       400       0  CODE    
                intcodelo                      000818  0000A2  0008BA       40C       0  CODE    
                smallconst                     000F00  000022  000F22       780       0  SMALLCON
                text14                         000F22  00225A  00317C       791       0  CODE    
                idloc                          200000  000008  200008    200000       0  IDLOC   
                config                         300000  00000E  30000E    300000       0  CONFIG  


UNUSED ADDRESS RANGES

        Name                Unused          Largest block    Delta
        BANK0            0000C1-0000FF               3F
        BANK1            000100-0001FF              100
        BANK10           000A00-000AFF              100
        BANK11           000B00-000BFF              100
        BANK12           000C00-000CFF              100
        BANK13           000D00-000DFF              100
        BANK14           000E00-000E40               41
        BANK2            000200-0002FF              100
        BANK3            000300-0003FF              100
        BANK4            000400-0004FF              100
        BANK5            000500-0005FF              100
        BANK6            000600-0006FF              100
        BANK7            000700-0007FF              100
        BANK8            000800-0008FF              100
        BANK9            000900-0009FF              100
        BIGRAM           000059-00005F                7
                         0000C1-000E40              D80
        CODE             000804-000817               14
                         0008BA-000EFF              646
                         00317C-00FFFF             CE84
        COMRAM           000059-00005F                7
        CONST            000804-000817               14
                         0008BA-000EFF              646
                         00317C-00FFFF             CE84
        EEDATA           F00000-F003FF              400
        FARRAM           000000-000000                1
        MEDIUMCONST      00317C-00FFFF             CE84
        RAM              0000C1-000E40              100
        SFR              000E41-000FFF               BF
        SMALLCONST       00317C-00FFFF              100

                                  Symbol Table

?_ECANReceiveMessage                     cstackCOMRAM 00000F
?_ECANSendMessage                        cstackCOMRAM 000012
?_Read_b_eep                             cstackCOMRAM 000008
?_SendInformationEvent                   cstackBANK0  0000A5
?_WriteTimer0                            cstackCOMRAM 000008
?_Write_b_eep                            cstackCOMRAM 000008
?__CANIDToRegs                           cstackCOMRAM 000008
?__ECANPointBuffer                       cstackCOMRAM 000008
?__RegsToCANID                           cstackCOMRAM 000008
?___lbmod                                cstackCOMRAM 000008
?_actionClr                              cstackCOMRAM 00004F
?_actionClrAll                           cstackCOMRAM 00004F
?_actionSet                              cstackCOMRAM 00004F
?_actionSetAll                           cstackCOMRAM 00004F
?_getCANFrame                            cstackCOMRAM 00001A
?_getVSCPFrame                           cstackCOMRAM 00001E
?_sendCANFrame                           cstackCOMRAM 000037
?_sendVSCPFrame                          cstackCOMRAM 00003F
?_vscp_getFamilyCode                     cstackCOMRAM 000008
?_vscp_getFamilyType                     cstackCOMRAM 000008
?_vscp_sendHeartBeat                     cstackBANK0  0000A5
?_vscp_setControlByte                    cstackCOMRAM 00000C
?_vscp_setGUID                           cstackCOMRAM 00000C
?_vscp_setManufacturerId                 cstackCOMRAM 00000C
?_vscp_setUserID                         cstackCOMRAM 00000C
?_vscp_writeAppReg                       cstackCOMRAM 000015
?_vscp_writeRegister                     cstackCOMRAM 000018
?_vscp_writeStdReg                       cstackCOMRAM 000010
?_writeControlReg                        cstackCOMRAM 000011
?i1_WriteTimer0                          cstackCOMRAM 000001
ECANReceiveMessage@data                  cstackCOMRAM 00000F
ECANReceiveMessage@dataLen               cstackCOMRAM 000010
ECANReceiveMessage@i                     cstackCOMRAM 000015
ECANReceiveMessage@id                    cstackCOMRAM 000014
ECANReceiveMessage@mode                  cstackCOMRAM 000016
ECANReceiveMessage@msgFlags              cstackCOMRAM 000011
ECANReceiveMessage@ptr                   cstackCOMRAM 000018
ECANReceiveMessage@savedPtr              cstackCOMRAM 000012
ECANReceiveMessage@temp                  cstackCOMRAM 000017
ECANSendMessage@buffers                  cstackCOMRAM 00002E
ECANSendMessage@data                     cstackCOMRAM 000016
ECANSendMessage@dataLen                  cstackCOMRAM 000018
ECANSendMessage@i                        cstackCOMRAM 000034
ECANSendMessage@id                       cstackCOMRAM 000012
ECANSendMessage@j                        cstackCOMRAM 00002F
ECANSendMessage@mode                     cstackCOMRAM 00002D
ECANSendMessage@msgFlags                 cstackCOMRAM 000019
ECANSendMessage@pb                       cstackCOMRAM 00001B
ECANSendMessage@ptr                      cstackCOMRAM 000035
ECANSendMessage@temp                     cstackCOMRAM 000033
ECANSendMessage@tempBSEL0                cstackCOMRAM 000030
ECANSendMessage@tempPtr                  cstackCOMRAM 000031
ECANSetOperationMode@mode                cstackCOMRAM 000008
OpenTimer0@config                        cstackCOMRAM 000008
Read_b_eep@badd                          cstackCOMRAM 000008
SendInformationEvent@data                cstackCOMRAM 00004B
SendInformationEvent@eventClass          cstackBANK0  0000A5
SendInformationEvent@eventTypeId         cstackBANK0  0000A6
SendInformationEvent@idx                 cstackCOMRAM 00004E
WriteTimer0@timer                        cstackCOMRAM 00000A
WriteTimer0@timer0                       cstackCOMRAM 000008
Write_b_eep@GIE_BIT_VAL                  cstackCOMRAM 00000B
Write_b_eep@badd                         cstackCOMRAM 000008
Write_b_eep@bdat                         cstackCOMRAM 00000A
_ANCON0                                  (abs)        000F5D
_ANCON1                                  (abs)        000F5C
_B0CON                                   (abs)        000E80
_B0RXFUL                                 (abs)        007407
_B0TXEN                                  (abs)        0073EA
_B1CON                                   (abs)        000E90
_B1RXFUL                                 (abs)        007487
_B1TXEN                                  (abs)        0073EB
_B2CON                                   (abs)        000EA0
_B2RXFUL                                 (abs)        007507
_B2TXEN                                  (abs)        0073EC
_B3CON                                   (abs)        000EB0
_B3RXFUL                                 (abs)        007587
_B3TXEN                                  (abs)        0073ED
_B4CON                                   (abs)        000EC0
_B4RXFUL                                 (abs)        007607
_B4TXEN                                  (abs)        0073EE
_B5CON                                   (abs)        000ED0
_B5RXFUL                                 (abs)        007687
_B5TXEN                                  (abs)        0073EF
_BRGCON1                                 (abs)        000E43
_BRGCON2                                 (abs)        000E44
_BRGCON3                                 (abs)        000E45
_BSEL0                                   (abs)        000E7D
_Busy_eep                                text67       00315C
_CANCON                                  (abs)        000F6F
_CIOCON                                  (abs)        000F70
_ECANCON                                 (abs)        000F72
_ECANInitialize                          text69       002A02
_ECANReceiveMessage                      text56       001810
_ECANSendMessage                         text51       001D44
_ECANSetOperationMode                    text70       003056
_EEADR                                   (abs)        000F74
_EEADRH                                  (abs)        000F75
_EECON1bits                              (abs)        000F7F
_EECON2                                  (abs)        000F7E
_EEDATA                                  (abs)        000F73
_FIFOEMPTY                               (abs)        007B8F
_INTCONbits                              (abs)        000FF2
_IRXIF                                   (abs)        007BBF
_MDSEL0                                  (abs)        007B96
_MDSEL1                                  (abs)        007B97
_MSEL0                                   (abs)        000E79
_MSEL1                                   (abs)        000E7A
_MSEL2                                   (abs)        000E7B
_OpenTimer0                              text71       002FCC
_PORTA                                   (abs)        000F80
_PORTAbits                               (abs)        000F80
_PORTB                                   (abs)        000F81
_PORTBbits                               (abs)        000F81
_PORTC                                   (abs)        000F82
_PORTCbits                               (abs)        000F82
_RXB0CON                                 (abs)        000F60
_RXB0FILHIT0                             (abs)        007B00
_RXB0FUL                                 (abs)        007B07
_RXB0IF                                  (abs)        007BB8
_RXB0OVFL                                (abs)        007B8F
_RXB1CON                                 (abs)        000F30
_RXB1CONbits                             (abs)        000F30
_RXB1IF                                  (abs)        007BB9
_RXB1OVFL                                (abs)        007B8E
_RXF0EIDH                                (abs)        000EE2
_RXF0EIDL                                (abs)        000EE3
_RXF0SIDH                                (abs)        000EE0
_RXF0SIDL                                (abs)        000EE1
_RXF1EIDH                                (abs)        000EE6
_RXF1EIDL                                (abs)        000EE7
_RXF1EN                                  (abs)        007231
_RXF1SIDH                                (abs)        000EE4
_RXF1SIDL                                (abs)        000EE5
_RXFBCON0                                (abs)        000E71
_RXFBCON1                                (abs)        000E72
_RXFBCON2                                (abs)        000E73
_RXFBCON3                                (abs)        000E74
_RXFBCON4                                (abs)        000E75
_RXFBCON5                                (abs)        000E76
_RXFBCON6                                (abs)        000E77
_RXFBCON7                                (abs)        000E78
_RXFCON0                                 (abs)        000E46
_RXFCON1                                 (abs)        000E47
_RXM0EIDH                                (abs)        000EFA
_RXM0EIDL                                (abs)        000EFB
_RXM0EXIDM                               (abs)        0077CB
_RXM0SIDH                                (abs)        000EF8
_RXM0SIDL                                (abs)        000EF9
_RXM1EIDH                                (abs)        000EFE
_RXM1EIDL                                (abs)        000EFF
_RXM1EXIDEN                              (abs)        0077EB
_RXM1SIDH                                (abs)        000EFC
_RXM1SIDL                                (abs)        000EFD
_Read_b_eep                              text63       00303E
_SendInformationEvent                    text13       002B7E
_T0CON                                   (abs)        000FD5
_T0CONbits                               (abs)        000FD5
_TMR0H                                   (abs)        000FD7
_TMR0L                                   (abs)        000FD6
_TRISA                                   (abs)        000F92
_TRISB                                   (abs)        000F93
_TRISC                                   (abs)        000F94
_TXB0CON                                 (abs)        000F20
_TXB1CON                                 (abs)        000F10
_TXB2CON                                 (abs)        000F00
_WriteTimer0                             text73       0030FE
_Write_b_eep                             text66       002C6C
__CANIDToRegs                            text52       00200C
__CANIDToRegs@Value                      cstackCOMRAM 000011
__CANIDToRegs@ptr                        cstackCOMRAM 000008
__CANIDToRegs@type                       cstackCOMRAM 00000E
__CANIDToRegs@val                        cstackCOMRAM 00000A
__CFG_BBSIZ$BB2K                         (abs)        000000
__CFG_BOREN$SBORDIS                      (abs)        000000
__CFG_BORV$1                             (abs)        000000
__CFG_CANMX$PORTB                        (abs)        000000
__CFG_FOSC$HS2                           (abs)        000000
__CFG_INTOSCSEL$HIGH                     (abs)        000000
__CFG_MCLRE$ON                           (abs)        000000
__CFG_MSSPMSK$MSK7                       (abs)        000000
__CFG_PLLCFG$ON                          (abs)        000000
__CFG_RETEN$OFF                          (abs)        000000
__CFG_SOSCSEL$DIG                        (abs)        000000
__CFG_STVREN$ON                          (abs)        000000
__CFG_WDTEN$ON                           (abs)        000000
__CFG_WDTPS$1048576                      (abs)        000000
__CFG_XINST$OFF                          (abs)        000000
__ECANPointBuffer                        text58       002A8C
__ECANPointBuffer@b                      cstackCOMRAM 00000B
__ECANPointBuffer@pt                     cstackCOMRAM 00000C
__ECANRxFilterHitInfo                    bssCOMRAM    000054
__HRAM                                   (abs)        000000
__Habs1                                  abs1         000000
__Hbank0                                 bank0        000000
__Hbank1                                 bank1        000000
__Hbank10                                bank10       000000
__Hbank11                                bank11       000000
__Hbank12                                bank12       000000
__Hbank13                                bank13       000000
__Hbank14                                bank14       000000
__Hbank2                                 bank2        000000
__Hbank3                                 bank3        000000
__Hbank4                                 bank4        000000
__Hbank5                                 bank5        000000
__Hbank6                                 bank6        000000
__Hbank7                                 bank7        000000
__Hbank8                                 bank8        000000
__Hbank9                                 bank9        000000
__Hbigbss                                bigbss       000000
__Hbigdata                               bigdata      000000
__Hbigram                                bigram       000000
__Hbss                                   bss          000000
__HbssBANK0                              bssBANK0     000000
__HbssCOMRAM                             bssCOMRAM    000000
__Hcinit                                 cinit        000000
__Hclrtext                               clrtext      000000
__Hcomram                                comram       000000
__Hconfig                                config       30000E
__Hconst                                 const        000000
__HcstackBANK0                           cstackBANK0  000000
__HcstackCOMRAM                          cstackCOMRAM 000000
__Hdata                                  data         000000
__Heeprom_data                           eeprom_data  000000
__Hend_init                              end_init     0008BA
__Hfarbss                                farbss       000000
__Hfardata                               fardata      000000
__Hibigdata                              ibigdata     000000
__Hidata                                 idata        000000
__Hidloc                                 idloc        200008
__Hifardata                              ifardata     000000
__Hinit                                  init         0008B6
__Hintcode                               intcode      000804
__Hintcode_body                          intcode_body 000000
__Hintcodelo                             intcodelo    0008B6
__Hintentry                              intentry     000000
__Hintret                                intret       000000
__Hintsave_regs                          intsave_regs 000000
__Hirdata                                irdata       000000
__Hmediumconst                           mediumconst  000000
__HnvFARRAM                              nvFARRAM     000000
__Hnvbit                                 nvbit        000000
__Hnvrram                                nvrram       000000
__Hparam                                 rparam       000000
__Hpowerup                               powerup      0008B6
__Hram                                   ram          000000
__Hramtop                                ramtop       000F00
__Hrbit                                  rbit         000000
__Hrbss                                  rbss         000000
__Hrdata                                 rdata        000000
__Hreset_vec                             reset_vec    000804
__Hrparam                                rparam       000000
__Hsfr                                   sfr          000000
__Hsmallconst                            smallconst   000F22
__Hstruct                                struct       000000
__Htemp                                  temp         000000
__Htext                                  text         000000
__Htext0                                 text0        000000
__Htext1                                 text1        000000
__Htext10                                text10       000000
__Htext11                                text11       000000
__Htext12                                text12       000000
__Htext13                                text13       000000
__Htext14                                text14       000000
__Htext15                                text15       000000
__Htext16                                text16       000000
__Htext17                                text17       000000
__Htext18                                text18       000000
__Htext19                                text19       000000
__Htext2                                 text2        000000
__Htext20                                text20       000000
__Htext21                                text21       000000
__Htext22                                text22       000000
__Htext23                                text23       000000
__Htext24                                text24       000000
__Htext25                                text25       000000
__Htext26                                text26       000000
__Htext27                                text27       000000
__Htext28                                text28       000000
__Htext29                                text29       000000
__Htext3                                 text3        000000
__Htext30                                text30       000000
__Htext31                                text31       000000
__Htext32                                text32       000000
__Htext33                                text33       000000
__Htext34                                text34       000000
__Htext35                                text35       000000
__Htext36                                text36       000000
__Htext37                                text37       000000
__Htext38                                text38       000000
__Htext39                                text39       000000
__Htext4                                 text4        000000
__Htext40                                text40       000000
__Htext41                                text41       000000
__Htext42                                text42       000000
__Htext43                                text43       000000
__Htext44                                text44       000000
__Htext45                                text45       000000
__Htext46                                text46       000000
__Htext47                                text47       000000
__Htext48                                text48       000000
__Htext49                                text49       000000
__Htext5                                 text5        000000
__Htext50                                text50       000000
__Htext51                                text51       000000
__Htext52                                text52       000000
__Htext53                                text53       000000
__Htext54                                text54       000000
__Htext55                                text55       000000
__Htext56                                text56       000000
__Htext57                                text57       000000
__Htext58                                text58       000000
__Htext59                                text59       000000
__Htext6                                 text6        000000
__Htext60                                text60       000000
__Htext61                                text61       000000
__Htext62                                text62       000000
__Htext63                                text63       000000
__Htext64                                text64       000000
__Htext65                                text65       000000
__Htext66                                text66       000000
__Htext67                                text67       000000
__Htext68                                text68       000000
__Htext69                                text69       000000
__Htext7                                 text7        000000
__Htext70                                text70       000000
__Htext71                                text71       000000
__Htext72                                text72       000000
__Htext73                                text73       000000
__Htext74                                text74       000000
__Htext75                                text75       000000
__Htext77                                text77       000000
__Htext8                                 text8        000000
__Htext9                                 text9        000000
__LRAM                                   (abs)        000001
__Labs1                                  abs1         000000
__Lbank0                                 bank0        000000
__Lbank1                                 bank1        000000
__Lbank10                                bank10       000000
__Lbank11                                bank11       000000
__Lbank12                                bank12       000000
__Lbank13                                bank13       000000
__Lbank14                                bank14       000000
__Lbank2                                 bank2        000000
__Lbank3                                 bank3        000000
__Lbank4                                 bank4        000000
__Lbank5                                 bank5        000000
__Lbank6                                 bank6        000000
__Lbank7                                 bank7        000000
__Lbank8                                 bank8        000000
__Lbank9                                 bank9        000000
__Lbigbss                                bigbss       000000
__Lbigdata                               bigdata      000000
__Lbigram                                bigram       000000
__Lbss                                   bss          000000
__LbssBANK0                              bssBANK0     000000
__LbssCOMRAM                             bssCOMRAM    000000
__Lcinit                                 cinit        000000
__Lclrtext                               clrtext      000000
__Lcomram                                comram       000000
__Lconfig                                config       300000
__Lconst                                 const        000000
__LcstackBANK0                           cstackBANK0  000000
__LcstackCOMRAM                          cstackCOMRAM 000000
__Ldata                                  data         000000
__Leeprom_data                           eeprom_data  000000
__Lend_init                              end_init     0008B6
__Lfarbss                                farbss       000000
__Lfardata                               fardata      000000
__Libigdata                              ibigdata     000000
__Lidata                                 idata        000000
__Lidloc                                 idloc        200000
__Lifardata                              ifardata     000000
__Linit                                  init         0008B6
__Lintcode                               intcode      000804
__Lintcode_body                          intcode_body 000000
__Lintcodelo                             intcodelo    000818
__Lintentry                              intentry     000000
__Lintret                                intret       000000
__Lintsave_regs                          intsave_regs 000000
__Lirdata                                irdata       000000
__Lmediumconst                           mediumconst  000000
__LnvFARRAM                              nvFARRAM     000000
__Lnvbit                                 nvbit        000000
__Lnvrram                                nvrram       000000
__Lparam                                 rparam       000000
__Lpowerup                               powerup      0008B6
__Lram                                   ram          000000
__Lramtop                                ramtop       000F00
__Lrbit                                  rbit         000000
__Lrbss                                  rbss         000000
__Lrdata                                 rdata        000000
__Lreset_vec                             reset_vec    000800
__Lrparam                                rparam       000000
__Lsfr                                   sfr          000000
__Lsmallconst                            smallconst   000F00
__Lstruct                                struct       000000
__Ltemp                                  temp         000000
__Ltext                                  text         000000
__Ltext0                                 text0        000000
__Ltext1                                 text1        000000
__Ltext10                                text10       000000
__Ltext11                                text11       000000
__Ltext12                                text12       000000
__Ltext13                                text13       000000
__Ltext14                                text14       000000
__Ltext15                                text15       000000
__Ltext16                                text16       000000
__Ltext17                                text17       000000
__Ltext18                                text18       000000
__Ltext19                                text19       000000
__Ltext2                                 text2        000000
__Ltext20                                text20       000000
__Ltext21                                text21       000000
__Ltext22                                text22       000000
__Ltext23                                text23       000000
__Ltext24                                text24       000000
__Ltext25                                text25       000000
__Ltext26                                text26       000000
__Ltext27                                text27       000000
__Ltext28                                text28       000000
__Ltext29                                text29       000000
__Ltext3                                 text3        000000
__Ltext30                                text30       000000
__Ltext31                                text31       000000
__Ltext32                                text32       000000
__Ltext33                                text33       000000
__Ltext34                                text34       000000
__Ltext35                                text35       000000
__Ltext36                                text36       000000
__Ltext37                                text37       000000
__Ltext38                                text38       000000
__Ltext39                                text39       000000
__Ltext4                                 text4        000000
__Ltext40                                text40       000000
__Ltext41                                text41       000000
__Ltext42                                text42       000000
__Ltext43                                text43       000000
__Ltext44                                text44       000000
__Ltext45                                text45       000000
__Ltext46                                text46       000000
__Ltext47                                text47       000000
__Ltext48                                text48       000000
__Ltext49                                text49       000000
__Ltext5                                 text5        000000
__Ltext50                                text50       000000
__Ltext51                                text51       000000
__Ltext52                                text52       000000
__Ltext53                                text53       000000
__Ltext54                                text54       000000
__Ltext55                                text55       000000
__Ltext56                                text56       000000
__Ltext57                                text57       000000
__Ltext58                                text58       000000
__Ltext59                                text59       000000
__Ltext6                                 text6        000000
__Ltext60                                text60       000000
__Ltext61                                text61       000000
__Ltext62                                text62       000000
__Ltext63                                text63       000000
__Ltext64                                text64       000000
__Ltext65                                text65       000000
__Ltext66                                text66       000000
__Ltext67                                text67       000000
__Ltext68                                text68       000000
__Ltext69                                text69       000000
__Ltext7                                 text7        000000
__Ltext70                                text70       000000
__Ltext71                                text71       000000
__Ltext72                                text72       000000
__Ltext73                                text73       000000
__Ltext74                                text74       000000
__Ltext75                                text75       000000
__Ltext77                                text77       000000
__Ltext8                                 text8        000000
__Ltext9                                 text9        000000
__RegsToCANID                            text57       001EA8
__RegsToCANID@Value                      cstackCOMRAM 00000E
__RegsToCANID@ptr                        cstackCOMRAM 000008
__RegsToCANID@type                       cstackCOMRAM 00000B
__RegsToCANID@val                        cstackCOMRAM 00000A
__S0                                     (abs)        30000E
__S1                                     (abs)        0000C1
___lbmod                                 text15       002E56
___lbmod@counter                         cstackCOMRAM 00000A
___lbmod@dividend                        cstackCOMRAM 000009
___lbmod@divisor                         cstackCOMRAM 000008
___lbmod@rem                             cstackCOMRAM 00000B
__accesstop                              (abs)        000060
__activetblptr                           (abs)        000003
__end_of_Busy_eep                        text67       003162
__end_of_ECANInitialize                  text69       002A8C
__end_of_ECANReceiveMessage              text56       001A08
__end_of_ECANSendMessage                 text51       001EA8
__end_of_ECANSetOperationMode            text70       00306E
__end_of_OpenTimer0                      text71       002FEA
__end_of_Read_b_eep                      text63       003056
__end_of_SendInformationEvent            text13       002BD4
__end_of_WriteTimer0                     text73       003110
__end_of_Write_b_eep                     text66       002CA6
__end_of__CANIDToRegs                    text52       00215C
__end_of__ECANPointBuffer                text58       002B0A
__end_of__RegsToCANID                    text57       00200C
__end_of___lbmod                         text15       002E7E
__end_of__initialization                 cinit        002F4E
__end_of_actionClr                       text11       002660
__end_of_actionClrAll                    text9        002D42
__end_of_actionSet                       text12       002730
__end_of_actionSetAll                    text10       002D72
__end_of_doApplicationOneSecondWork      text2        00316E
__end_of_doDM                            text8        001810
__end_of_doWork                          text1        00316C
__end_of_getCANFrame                     text55       002ECA
__end_of_getVSCPFrame                    text54       002B7E
__end_of_init                            text68       002D12
__end_of_init_app_eeprom                 text61       0027FA
__end_of_init_app_ram                    text72       0030FE
__end_of_interrupt_at_low_vector         intcodelo    0008B6
__end_of_main                            text0        0023A8
__end_of_readControlReg                  text74       002590
__end_of_sendCANFrame                    text50       002E00
__end_of_sendVSCPFrame                   text49       002966
__end_of_vscp_check_pstorage             text59       002CDC
__end_of_vscp_deviceURL                  smallconst   000F20
__end_of_vscp_doOneSecondWork            text3        002C26
__end_of_vscp_error                      text7        003166
__end_of_vscp_getBootLoaderAlgorithm     text30       003174
__end_of_vscp_getBufferSize              text29       003172
__end_of_vscp_getControlByte             text62       00303E
__end_of_vscp_getEvent                   text53       002E2C
__end_of_vscp_getFamilyCode              text28       00314A
__end_of_vscp_getFamilyType              text27       003140
__end_of_vscp_getGUID                    text34       0030EC
__end_of_vscp_getMDF_URL                 text33       003022
__end_of_vscp_getMajorVersion            text37       00317A
__end_of_vscp_getManufacturerId          text31       0030C4
__end_of_vscp_getMatrixInfo              text44       00309A
__end_of_vscp_getMinorVersion            text36       003178
__end_of_vscp_getRegisterPagesUsed       text26       003170
__end_of_vscp_getSubMinorVersion         text35       003176
__end_of_vscp_getSubzone                 text5        00312C
__end_of_vscp_getUserID                  text32       0030D8
__end_of_vscp_getZone                    text6        003136
__end_of_vscp_goActiveState              text47       002FCC
__end_of_vscp_goBootloaderMode           text45       002FAE
__end_of_vscp_handleDropNickname         text39       002DA2
__end_of_vscp_handleHeartbeat            text43       00317C
__end_of_vscp_handleProbeState           text46       0028B2
__end_of_vscp_handleProtocolEvent        text14       00155C
__end_of_vscp_handleSetNickname          text42       002F90
__end_of_vscp_init                       text40       002C6C
__end_of_vscp_init_pstorage              text60       00316A
__end_of_vscp_newNodeOnline              text38       002E56
__end_of_vscp_readAppReg                 text75       002A02
__end_of_vscp_readNicknamePermanent      text41       003154
__end_of_vscp_readRegister               text24       003084
__end_of_vscp_readStdReg                 text25       001BB8
__end_of_vscp_restoreDefaults            text18       00315C
__end_of_vscp_sendEvent                  text48       002DD2
__end_of_vscp_sendHeartBeat              text4        002EA4
__end_of_vscp_setControlByte             text64       002F36
__end_of_vscp_setGUID                    text21       002F12
__end_of_vscp_setManufacturerId          text20       002EEE
__end_of_vscp_setUserID                  text19       003006
__end_of_vscp_writeAppReg                text22       002290
__end_of_vscp_writeNicknamePermanent     text65       0030B0
__end_of_vscp_writeRegister              text16       002F72
__end_of_vscp_writeStdReg                text17       0024B8
__end_of_writeControlReg                 text23       001D44
__end_ofi1_WriteTimer0                   text77       003122
__initialization                         cinit        002F36
__mediumconst                            mediumconst  000000
__pbssBANK0                              bssBANK0     000060
__pbssCOMRAM                             bssCOMRAM    000052
__pcinit                                 cinit        002F36
__pcstackBANK0                           cstackBANK0  000091
__pcstackCOMRAM                          cstackCOMRAM 000001
__pintcodelo                             intcodelo    000818
__psmallconst                            smallconst   000F00
__ptext0                                 text0        002290
__ptext1                                 text1        00316A
__ptext10                                text10       002D42
__ptext11                                text11       002590
__ptext12                                text12       002660
__ptext13                                text13       002B7E
__ptext14                                text14       000F22
__ptext15                                text15       002E56
__ptext16                                text16       002F54
__ptext17                                text17       0023A8
__ptext18                                text18       003154
__ptext19                                text19       002FEA
__ptext2                                 text2        00316C
__ptext20                                text20       002ECA
__ptext21                                text21       002EEE
__ptext22                                text22       00215C
__ptext23                                text23       001BB8
__ptext24                                text24       00306E
__ptext25                                text25       001A08
__ptext26                                text26       00316E
__ptext27                                text27       003136
__ptext28                                text28       003140
__ptext29                                text29       003170
__ptext3                                 text3        002BD4
__ptext30                                text30       003172
__ptext31                                text31       0030B0
__ptext32                                text32       0030C4
__ptext33                                text33       003006
__ptext34                                text34       0030D8
__ptext35                                text35       003174
__ptext36                                text36       003176
__ptext37                                text37       003178
__ptext38                                text38       002E2C
__ptext39                                text39       002D72
__ptext4                                 text4        002E7E
__ptext40                                text40       002C26
__ptext41                                text41       00314A
__ptext42                                text42       002F72
__ptext43                                text43       00317A
__ptext44                                text44       003084
__ptext45                                text45       002F90
__ptext46                                text46       0027FA
__ptext47                                text47       002FAE
__ptext48                                text48       002DA2
__ptext49                                text49       0028B2
__ptext5                                 text5        003122
__ptext50                                text50       002DD2
__ptext51                                text51       001D44
__ptext52                                text52       00200C
__ptext53                                text53       002E00
__ptext54                                text54       002B0A
__ptext55                                text55       002EA4
__ptext56                                text56       001810
__ptext57                                text57       001EA8
__ptext58                                text58       002A8C
__ptext59                                text59       002CA6
__ptext6                                 text6        00312C
__ptext60                                text60       003166
__ptext61                                text61       002730
__ptext62                                text62       003022
__ptext63                                text63       00303E
__ptext64                                text64       002F12
__ptext65                                text65       00309A
__ptext66                                text66       002C6C
__ptext67                                text67       00315C
__ptext68                                text68       002CDC
__ptext69                                text69       002A02
__ptext7                                 text7        003162
__ptext70                                text70       003056
__ptext71                                text71       002FCC
__ptext72                                text72       0030EC
__ptext73                                text73       0030FE
__ptext74                                text74       0024B8
__ptext75                                text75       002966
__ptext77                                text77       003110
__ptext8                                 text8        00155C
__ptext9                                 text9        002D12
__ramtop                                 ramtop       000F00
__size_of_Busy_eep                       (abs)        000000
__size_of_ECANInitialize                 (abs)        000000
__size_of_ECANReceiveMessage             (abs)        000000
__size_of_ECANSendMessage                (abs)        000000
__size_of_ECANSetOperationMode           (abs)        000000
__size_of_OpenTimer0                     (abs)        000000
__size_of_Read_b_eep                     (abs)        000000
__size_of_SendInformationEvent           (abs)        000000
__size_of_WriteTimer0                    (abs)        000000
__size_of_Write_b_eep                    (abs)        000000
__size_of__CANIDToRegs                   (abs)        000000
__size_of__ECANPointBuffer               (abs)        000000
__size_of__RegsToCANID                   (abs)        000000
__size_of___lbmod                        (abs)        000000
__size_of_actionClr                      (abs)        000000
__size_of_actionClrAll                   (abs)        000000
__size_of_actionSet                      (abs)        000000
__size_of_actionSetAll                   (abs)        000000
__size_of_doApplicationOneSecondWork     (abs)        000000
__size_of_doDM                           (abs)        000000
__size_of_doWork                         (abs)        000000
__size_of_getCANFrame                    (abs)        000000
__size_of_getVSCPFrame                   (abs)        000000
__size_of_init                           (abs)        000000
__size_of_init_app_eeprom                (abs)        000000
__size_of_init_app_ram                   (abs)        000000
__size_of_interrupt_at_low_vector        (abs)        000000
__size_of_main                           (abs)        000000
__size_of_readControlReg                 (abs)        000000
__size_of_sendCANFrame                   (abs)        000000
__size_of_sendVSCPFrame                  (abs)        000000
__size_of_vscp_check_pstorage            (abs)        000000
__size_of_vscp_doOneSecondWork           (abs)        000000
__size_of_vscp_error                     (abs)        000000
__size_of_vscp_getBootLoaderAlgorithm    (abs)        000000
__size_of_vscp_getBufferSize             (abs)        000000
__size_of_vscp_getControlByte            (abs)        000000
__size_of_vscp_getEvent                  (abs)        000000
__size_of_vscp_getFamilyCode             (abs)        000000
__size_of_vscp_getFamilyType             (abs)        000000
__size_of_vscp_getGUID                   (abs)        000000
__size_of_vscp_getMDF_URL                (abs)        000000
__size_of_vscp_getMajorVersion           (abs)        000000
__size_of_vscp_getManufacturerId         (abs)        000000
__size_of_vscp_getMatrixInfo             (abs)        000000
__size_of_vscp_getMinorVersion           (abs)        000000
__size_of_vscp_getRegisterPagesUsed      (abs)        000000
__size_of_vscp_getSubMinorVersion        (abs)        000000
__size_of_vscp_getSubzone                (abs)        000000
__size_of_vscp_getUserID                 (abs)        000000
__size_of_vscp_getZone                   (abs)        000000
__size_of_vscp_goActiveState             (abs)        000000
__size_of_vscp_goBootloaderMode          (abs)        000000
__size_of_vscp_handleDropNickname        (abs)        000000
__size_of_vscp_handleHeartbeat           (abs)        000000
__size_of_vscp_handleProbeState          (abs)        000000
__size_of_vscp_handleProtocolEvent       (abs)        000000
__size_of_vscp_handleSetNickname         (abs)        000000
__size_of_vscp_init                      (abs)        000000
__size_of_vscp_init_pstorage             (abs)        000000
__size_of_vscp_newNodeOnline             (abs)        000000
__size_of_vscp_readAppReg                (abs)        000000
__size_of_vscp_readNicknamePermanent     (abs)        000000
__size_of_vscp_readRegister              (abs)        000000
__size_of_vscp_readStdReg                (abs)        000000
__size_of_vscp_restoreDefaults           (abs)        000000
__size_of_vscp_sendEvent                 (abs)        000000
__size_of_vscp_sendHeartBeat             (abs)        000000
__size_of_vscp_setControlByte            (abs)        000000
__size_of_vscp_setGUID                   (abs)        000000
__size_of_vscp_setManufacturerId         (abs)        000000
__size_of_vscp_setUserID                 (abs)        000000
__size_of_vscp_writeAppReg               (abs)        000000
__size_of_vscp_writeNicknamePermanent    (abs)        000000
__size_of_vscp_writeRegister             (abs)        000000
__size_of_vscp_writeStdReg               (abs)        000000
__size_of_writeControlReg                (abs)        000000
__size_ofi1_WriteTimer0                  (abs)        000000
__smallconst                             smallconst   000F00
_actionClr                               text11       002590
_actionClrAll                            text9        002D12
_actionSet                               text12       002660
_actionSetAll                            text10       002D42
_doApplicationOneSecondWork              text2        00316C
_doDM                                    text8        00155C
_doDM$1984                               cstackBANK0  0000B0
_doDM$1985                               cstackBANK0  0000B1
_doDM$1986                               cstackBANK0  0000B2
_doDM$1987                               cstackBANK0  0000B3
_doWork                                  text1        00316A
_getCANFrame                             text55       002EA4
_getVSCPFrame                            text54       002B0A
_hours                                   bssBANK0     000068
_init                                    text68       002CDC
_init_app_eeprom                         text61       002730
_init_app_ram                            text72       0030EC
_interrupt_at_low_vector                 intcodelo    000818
_main                                    text0        002290
_measurement_clock                       bssBANK0     000060
_minutes                                 bssBANK0     000069
_readControlReg                          text74       0024B8
_seconds                                 bssBANK0     00006A
_sendCANFrame                            text50       002DD2
_sendVSCPFrame                           text49       0028B2
_vscp_alarmstatus                        bssBANK0     00006B
_vscp_check_pstorage                     text59       002CA6
_vscp_configtimer                        bssBANK0     000064
_vscp_deviceURL                          smallconst   000F00
_vscp_doOneSecondWork                    text3        002BD4
_vscp_error                              text7        003162
_vscp_errorcnt                           bssCOMRAM    000055
_vscp_getBootLoaderAlgorithm             text30       003172
_vscp_getBufferSize                      text29       003170
_vscp_getControlByte                     text62       003022
_vscp_getEvent                           text53       002E00
_vscp_getFamilyCode                      text28       003140
_vscp_getFamilyType                      text27       003136
_vscp_getGUID                            text34       0030D8
_vscp_getMDF_URL                         text33       003006
_vscp_getMajorVersion                    text37       003178
_vscp_getManufacturerId                  text31       0030B0
_vscp_getMatrixInfo                      text44       003084
_vscp_getMinorVersion                    text36       003176
_vscp_getRegisterPagesUsed               text26       00316E
_vscp_getSubMinorVersion                 text35       003174
_vscp_getSubzone                         text5        003122
_vscp_getUserID                          text32       0030C4
_vscp_getZone                            text6        00312C
_vscp_goActiveState                      text47       002FAE
_vscp_goBootloaderMode                   text45       002F90
_vscp_guid_reset                         bssBANK0     00006C
_vscp_handleDropNickname                 text39       002D72
_vscp_handleHeartbeat                    text43       00317A
_vscp_handleProbeState                   text46       0027FA
_vscp_handleProtocolEvent                text14       000F22
_vscp_handleSetNickname                  text42       002F72
_vscp_hour                               bssBANK0     00006D
_vscp_imsg                               bssBANK0     000075
_vscp_init                               text40       002C26
_vscp_init_pstorage                      text60       003166
_vscp_initbtncnt                         bssBANK0     00006E
_vscp_initledfunc                        bssCOMRAM    000056
_vscp_minute                             bssBANK0     00006F
_vscp_newNodeOnline                      text38       002E2C
_vscp_nickname                           bssBANK0     000070
_vscp_node_state                         bssBANK0     000071
_vscp_node_substate                      bssBANK0     000072
_vscp_omsg                               bssBANK0     000083
_vscp_page_select                        bssCOMRAM    000052
_vscp_probe_address                      bssCOMRAM    000057
_vscp_probe_cnt                          bssBANK0     000073
_vscp_readAppReg                         text75       002966
_vscp_readNicknamePermanent              text41       00314A
_vscp_readRegister                       text24       00306E
_vscp_readStdReg                         text25       001A08
_vscp_restoreDefaults                    text18       003154
_vscp_second                             bssBANK0     000074
_vscp_sendEvent                          text48       002DA2
_vscp_sendHeartBeat                      text4        002E7E
_vscp_setControlByte                     text64       002F12
_vscp_setGUID                            text21       002EEE
_vscp_setManufacturerId                  text20       002ECA
_vscp_setUserID                          text19       002FEA
_vscp_statuscnt                          bssCOMRAM    000058
_vscp_timer                              bssBANK0     000066
_vscp_writeAppReg                        text22       00215C
_vscp_writeNicknamePermanent             text65       00309A
_vscp_writeRegister                      text16       002F54
_vscp_writeStdReg                        text17       0023A8
_writeControlReg                         text23       001BB8
actionClr@param                          cstackCOMRAM 00004F
actionClrAll@i                           cstackCOMRAM 000050
actionSet@param                          cstackCOMRAM 00004F
actionSetAll@i                           cstackCOMRAM 000050
doDM@class_filter                        cstackBANK0  0000AA
doDM@class_mask                          cstackBANK0  0000AC
doDM@dmflags                             cstackBANK0  0000B4
doDM@i                                   cstackBANK0  0000B5
doDM@type_filter                         cstackBANK0  0000AE
doDM@type_mask                           cstackBANK0  0000AF
end_of_initialization                    cinit        002F4E
getCANFrame@flags                        cstackCOMRAM 00001D
getCANFrame@pdata                        cstackCOMRAM 00001B
getCANFrame@pdlc                         cstackCOMRAM 00001A
getCANFrame@pid                          cstackCOMRAM 00001C
getVSCPFrame@id                          cstackCOMRAM 000028
getVSCPFrame@pData                       cstackCOMRAM 000022
getVSCPFrame@pNodeId                     cstackCOMRAM 00001F
getVSCPFrame@pPriority                   cstackCOMRAM 000020
getVSCPFrame@pSize                       cstackCOMRAM 000021
getVSCPFrame@pvscpclass                  cstackCOMRAM 000027
getVSCPFrame@pvscptype                   cstackCOMRAM 00001E
i1WriteTimer0@timer                      cstackCOMRAM 000003
i1WriteTimer0@timer0                     cstackCOMRAM 000001
i1_WriteTimer0                           text77       003110
init_app_eeprom@i                        cstackCOMRAM 00000F
init_app_eeprom@j                        cstackCOMRAM 00000E
intlevel0                                text         000000
intlevel1                                text         000000
intlevel2                                text         000000
intlevel3                                text         000000
readControlReg@ctrlreg                   cstackCOMRAM 00000F
readControlReg@rv                        cstackCOMRAM 000010
sendCANFrame@dlc                         cstackCOMRAM 00003B
sendCANFrame@id                          cstackCOMRAM 000037
sendCANFrame@pdata                       cstackCOMRAM 00003C
sendVSCPFrame@id                         cstackCOMRAM 000047
sendVSCPFrame@nodeid                     cstackCOMRAM 000042
sendVSCPFrame@pData                      cstackCOMRAM 000045
sendVSCPFrame@priority                   cstackCOMRAM 000043
sendVSCPFrame@size                       cstackCOMRAM 000044
sendVSCPFrame@vscpclass                  cstackCOMRAM 00003F
sendVSCPFrame@vscptype                   cstackCOMRAM 000041
start                                    init         0008B6
start_initialization                     cinit        002F36
vscp_getControlByte@idx                  cstackCOMRAM 00000A
vscp_getEvent@rv                         cstackCOMRAM 00002C
vscp_getGUID@idx                         cstackCOMRAM 00000A
vscp_getMDF_URL@idx                      cstackCOMRAM 000009
vscp_getManufacturerId@idx               cstackCOMRAM 00000A
vscp_getUserID@idx                       cstackCOMRAM 00000A
vscp_goBootloaderMode@algorithm          cstackCOMRAM 00000C
vscp_handleDropNickname@bytes            cstackCOMRAM 00000D
vscp_handleProtocolEvent@byte            cstackBANK0  0000BB
vscp_handleProtocolEvent@bytes           cstackBANK0  0000B2
vscp_handleProtocolEvent@bytes_1128      cstackBANK0  0000BC
vscp_handleProtocolEvent@bytes_this_time cstackBANK0  0000B6
vscp_handleProtocolEvent@cb              cstackBANK0  0000B7
vscp_handleProtocolEvent@i               cstackBANK0  0000BF
vscp_handleProtocolEvent@i_1121          cstackBANK0  0000BA
vscp_handleProtocolEvent@i_1124          cstackBANK0  0000BE
vscp_handleProtocolEvent@i_1132          cstackBANK0  0000B8
vscp_handleProtocolEvent@j               cstackBANK0  0000C0
vscp_handleProtocolEvent@k               cstackBANK0  0000B9
vscp_handleProtocolEvent@len             cstackBANK0  0000B3
vscp_handleProtocolEvent@len_1123        cstackBANK0  0000B5
vscp_handleProtocolEvent@offset          cstackBANK0  0000B0
vscp_handleProtocolEvent@page_save       cstackBANK0  0000AC
vscp_handleProtocolEvent@page_save_1133  cstackBANK0  0000AE
vscp_handleProtocolEvent@pos             cstackBANK0  0000B1
vscp_handleProtocolEvent@pos_1122        cstackBANK0  0000B4
vscp_readAppReg@reg                      cstackCOMRAM 000012
vscp_readAppReg@rv                       cstackCOMRAM 000011
vscp_readRegister@reg                    cstackCOMRAM 00001D
vscp_readStdReg@code                     cstackCOMRAM 000011
vscp_readStdReg@code_1106                cstackCOMRAM 000015
vscp_readStdReg@idx                      cstackCOMRAM 000019
vscp_readStdReg@idx_1107                 cstackCOMRAM 00001A
vscp_readStdReg@reg                      cstackCOMRAM 00001C
vscp_readStdReg@rv                       cstackCOMRAM 00001B
vscp_sendEvent@rv                        cstackCOMRAM 00004B
vscp_sendHeartBeat@subzone               cstackBANK0  0000A5
vscp_sendHeartBeat@zone                  cstackCOMRAM 00004C
vscp_setControlByte@ctrl                 cstackCOMRAM 00000D
vscp_setControlByte@idx                  cstackCOMRAM 00000C
vscp_setGUID@data                        cstackCOMRAM 00000C
vscp_setGUID@idx                         cstackCOMRAM 00000D
vscp_setManufacturerId@data              cstackCOMRAM 00000C
vscp_setManufacturerId@idx               cstackCOMRAM 00000D
vscp_setUserID@data                      cstackCOMRAM 00000C
vscp_setUserID@idx                       cstackCOMRAM 00000D
vscp_writeAppReg@reg                     cstackCOMRAM 000017
vscp_writeAppReg@rv                      cstackCOMRAM 000016
vscp_writeAppReg@val                     cstackCOMRAM 000015
vscp_writeNicknamePermanent@nickname     cstackCOMRAM 00000C
vscp_writeRegister@reg                   cstackCOMRAM 000019
vscp_writeRegister@value                 cstackCOMRAM 000018
vscp_writeStdReg@reg                     cstackCOMRAM 000016
vscp_writeStdReg@rv                      cstackCOMRAM 000015
vscp_writeStdReg@value                   cstackCOMRAM 000010
writeControlReg@ctrlreg                  cstackCOMRAM 000013
writeControlReg@rv                       cstackCOMRAM 000014
writeControlReg@val                      cstackCOMRAM 000011


FUNCTION INFORMATION:

 *************** function _main *****************
 Defined at:
		line 159 in file "../main.c"
 Parameters:    Size  Location     Type
		None
 Auto vars:     Size  Location     Type
		None
 Return value:  Size  Location     Type
		None               void
 Registers used:
		wreg, fsr0l, fsr0h, fsr1l, fsr1h, fsr1l, fsr1h, fsr2l, fsr2h, status,2, status,0, pclat, btemp, btemp+1, btemp+2, btemp+3, btemp+4, btemp+5, btemp+6, btemp+7, tosl, structret, tblptrl, tblptrh, tblptru, prodl, prodh, bsr, cstack
 Tracked objects:
		On entry : 
		On exit  : 
		Unchanged: 
 Data sizes:     COMRAM   BANK0   BANK1   BANK2   BANK3   BANK4   BANK5   BANK6   BANK7   BANK8   BANK9  BANK10  BANK11  BANK12  BANK13  BANK14
      Params:         0       0       0       0       0       0       0       0       0       0       0       0       0       0       0       0
      Locals:         0       0       0       0       0       0       0       0       0       0       0       0       0       0       0       0
      Temps:          0       0       0       0       0       0       0       0       0       0       0       0       0       0       0       0
      Totals:         0       0       0       0       0       0       0       0       0       0       0       0       0       0       0       0
Total ram usage:        0 bytes
 Hardware stack levels required when called:    9
 This function calls:
		_init
		_vscp_check_pstorage
		_init_app_eeprom
		_init_app_ram
		_vscp_init
		_Read_b_eep
		_writeControlReg
		_Busy_eep
		_Write_b_eep
		_vscp_getEvent
		_vscp_goActiveState
		_vscp_handleProbeState
		_vscp_handleProtocolEvent
		_doDM
		_vscp_error
		_vscp_doOneSecondWork
		_doApplicationOneSecondWork
		_doWork
 This function is called by:
		Startup code after reset
 This function uses a non-reentrant model


 *************** function _doWork *****************
 Defined at:
		line 564 in file "../main.c"
 Parameters:    Size  Location     Type
		None
 Auto vars:     Size  Location     Type
		None
 Return value:  Size  Location     Type
		None               void
 Registers used:
		wreg, status,2, status,0
 Tracked objects:
		On entry : 
		On exit  : 
		Unchanged: 
[...]
      Totals:         0       0       0       0       0       0       0       0       0       0       0       0       0       0       0       0
Total ram usage:        0 bytes
 Hardware stack levels used:    1
 Hardware stack levels required when called:    2
 This function calls:
		Nothing
 This function is called by:
		_main
		_init_app_eeprom
		_vscp_setGUID
		_vscp_setManufacturerId
		_vscp_writeNicknamePermanent
		_vscp_writeAppReg
		_vscp_setUserID
		_vscp_setControlByte
		_vscp_goBootloaderMode
 This function uses a non-reentrant model


 *************** function _init *****************
 Defined at:
		line 292 in file "../main.c"
 Parameters:    Size  Location     Type
		None
 Auto vars:     Size  Location     Type
		None
 Return value:  Size  Location     Type
		None               void
 Registers used:
		wreg, fsr0l, fsr0h, fsr1l, fsr1h, fsr1l, fsr1h, fsr2l, fsr2h, status,2, status,0, pclat, btemp, btemp+1, btemp+2, btemp+3, btemp+4, btemp+5, btemp+6, btemp+7, tosl, structret, tblptrl, tblptrh, tblptru, prodl, prodh, bsr, cstack
 Tracked objects:
		On entry : 
		On exit  : 
		Unchanged: 
 Data sizes:     COMRAM   BANK0   BANK1   BANK2   BANK3   BANK4   BANK5   BANK6   BANK7   BANK8   BANK9  BANK10  BANK11  BANK12  BANK13  BANK14
      Params:         0       0       0       0       0       0       0       0       0       0       0       0       0       0       0       0
      Locals:         0       0       0       0       0       0       0       0       0       0       0       0       0       0       0       0
      Temps:          0       0       0       0       0       0       0       0       0       0       0       0       0       0       0       0
      Totals:         0       0       0       0       0       0       0       0       0       0       0       0       0       0       0       0
Total ram usage:        0 bytes
 Hardware stack levels used:    1
 Hardware stack levels required when called:    4
 This function calls:
		_WriteTimer0
		_init_app_ram
		_OpenTimer0
		_ECANInitialize
 This function is called by:
		_main
 This function uses a non-reentrant model


 *************** function _ECANInitialize *****************
 Defined at:
		line 168 in file "../ECAN.c"
 Parameters:    Size  Location     Type
		None
 Auto vars:     Size  Location     Type
		None
 Return value:  Size  Location     Type
		None               void
 Registers used:
		wreg, status,2, status,0, cstack
 Tracked objects:
		On entry : 
		On exit  : 
		Unchanged: 
 Data sizes:     COMRAM   BANK0   BANK1   BANK2   BANK3   BANK4   BANK5   BANK6   BANK7   BANK8   BANK9  BANK10  BANK11  BANK12  BANK13  BANK14
      Params:         0       0       0       0       0       0       0       0       0       0       0       0       0       0       0       0
      Locals:         0       0       0       0       0       0       0       0       0       0       0       0       0       0       0       0
      Temps:          0       0       0       0       0       0       0       0       0       0       0       0       0       0       0       0
      Totals:         0       0       0       0       0       0       0       0       0       0       0       0       0       0       0       0
Total ram usage:        0 bytes
 Hardware stack levels used:    1
 Hardware stack levels required when called:    3
 This function calls:
		_ECANSetOperationMode
 This function is called by:
		_init
 This function uses a non-reentrant model


 *************** function _ECANSetOperationMode *****************
 Defined at:
		line 1012 in file "../ECAN.c"
 Parameters:    Size  Location     Type
  mode            1    wreg     enum E18989
 Auto vars:     Size  Location     Type
  mode            1    7[COMRAM] enum E18989
 Return value:  Size  Location     Type
		None               void
 Registers used:
		wreg, status,2, status,0
 Tracked objects:
		On entry : 
		On exit  : 
		Unchanged: 
 Data sizes:     COMRAM   BANK0   BANK1   BANK2   BANK3   BANK4   BANK5   BANK6   BANK7   BANK8   BANK9  BANK10  BANK11  BANK12  BANK13  BANK14
      Params:         0       0       0       0       0       0       0       0       0       0       0       0       0       0       0       0
      Locals:         1       0       0       0       0       0       0       0       0       0       0       0       0       0       0       0
      Temps:          0       0       0       0       0       0       0       0       0       0       0       0       0       0       0       0
      Totals:         1       0       0       0       0       0       0       0       0       0       0       0       0       0       0       0
Total ram usage:        1 bytes
 Hardware stack levels used:    1
 Hardware stack levels required when called:    2
 This function calls:
		Nothing
 This function is called by:
		_ECANInitialize
 This function uses a non-reentrant model


 *************** function _OpenTimer0 *****************
 Defined at:
		line 19 in file "/opt/microchip/xc8/v1.21/sources/pic18/plib/Timers/t0open.c"
 Parameters:    Size  Location     Type
  config          1    wreg     unsigned char 
 Auto vars:     Size  Location     Type
  config          1    7[COMRAM] unsigned char 
 Return value:  Size  Location     Type
		None               void
 Registers used:
		wreg, status,2, status,0
 Tracked objects:
		On entry : 
		On exit  : 
		Unchanged: 
 Data sizes:     COMRAM   BANK0   BANK1   BANK2   BANK3   BANK4   BANK5   BANK6   BANK7   BANK8   BANK9  BANK10  BANK11  BANK12  BANK13  BANK14
      Params:         0       0       0       0       0       0       0       0       0       0       0       0       0       0       0       0
      Locals:         1       0       0       0       0       0       0       0       0       0       0       0       0       0       0       0
      Temps:          0       0       0       0       0       0       0       0       0       0       0       0       0       0       0       0
      Totals:         1       0       0       0       0       0       0       0       0       0       0       0       0       0       0       0
Total ram usage:        1 bytes
 Hardware stack levels used:    1
 Hardware stack levels required when called:    2
 This function calls:
		Nothing
 This function is called by:
		_init
 This function uses a non-reentrant model


 *************** function _init_app_ram *****************
 Defined at:
		line 400 in file "../main.c"
 Parameters:    Size  Location     Type
		None
 Auto vars:     Size  Location     Type
  i               1    0        unsigned char 
 Return value:  Size  Location     Type
		None               void
 Registers used:
		None
 Tracked objects:
		On entry : 
		On exit  : 
		Unchanged: 
 Data sizes:     COMRAM   BANK0   BANK1   BANK2   BANK3   BANK4   BANK5   BANK6   BANK7   BANK8   BANK9  BANK10  BANK11  BANK12  BANK13  BANK14
      Params:         0       0       0       0       0       0       0       0       0       0       0       0       0       0       0       0
      Locals:         0       0       0       0       0       0       0       0       0       0       0       0       0       0       0       0
      Temps:          0       0       0       0       0       0       0       0       0       0       0       0       0       0       0       0
      Totals:         0       0       0       0       0       0       0       0       0       0       0       0       0       0       0       0
Total ram usage:        0 bytes
 Hardware stack levels used:    1
 Hardware stack levels required when called:    2
 This function calls:
		Nothing
 This function is called by:
		_main
		_init
		_vscp_restoreDefaults
 This function uses a non-reentrant model


 *************** function _WriteTimer0 *****************
 Defined at:
		line 17 in file "/opt/microchip/xc8/v1.21/sources/pic18/plib/Timers/t0write.c"
 Parameters:    Size  Location     Type
  timer0          2    7[COMRAM] unsigned int 
 Auto vars:     Size  Location     Type
  timer           2    9[COMRAM] struct Timers
 Return value:  Size  Location     Type
		None               void
 Registers used:
		None
 Tracked objects:
		On entry : 
		On exit  : 
		Unchanged: 
 Data sizes:     COMRAM   BANK0   BANK1   BANK2   BANK3   BANK4   BANK5   BANK6   BANK7   BANK8   BANK9  BANK10  BANK11  BANK12  BANK13  BANK14
      Params:         2       0       0       0       0       0       0       0       0       0       0       0       0       0       0       0
      Locals:         2       0       0       0       0       0       0       0       0       0       0       0       0       0       0       0
      Temps:          0       0       0       0       0       0       0       0       0       0       0       0       0       0       0       0
      Totals:         4       0       0       0       0       0       0       0       0       0       0       0       0       0       0       0
Total ram usage:        4 bytes
 Hardware stack levels used:    1
 Hardware stack levels required when called:    2
 This function calls:
		Nothing
 This function is called by:
		_init
 This function uses a non-reentrant model


 *************** function _readControlReg *****************
 Defined at:
		line 741 in file "../main.c"
 Parameters:    Size  Location     Type
  ctrlreg         1    wreg     unsigned char 
 Auto vars:     Size  Location     Type
  ctrlreg         1   14[COMRAM] unsigned char 
  rv              1   15[COMRAM] unsigned char 
 Return value:  Size  Location     Type
                  1    wreg      unsigned char 
 Registers used:
		wreg, status,2, status,0, prodl, prodh
 Tracked objects:
		On entry : 
		On exit  : 
		Unchanged: 
 Data sizes:     COMRAM   BANK0   BANK1   BANK2   BANK3   BANK4   BANK5   BANK6   BANK7   BANK8   BANK9  BANK10  BANK11  BANK12  BANK13  BANK14
      Params:         0       0       0       0       0       0       0       0       0       0       0       0       0       0       0       0
      Locals:         2       0       0       0       0       0       0       0       0       0       0       0       0       0       0       0
      Temps:          7       0       0       0       0       0       0       0       0       0       0       0       0       0       0       0
      Totals:         9       0       0       0       0       0       0       0       0       0       0       0       0       0       0       0
Total ram usage:        9 bytes
 Hardware stack levels used:    1
 Hardware stack levels required when called:    2
 This function calls:
		Nothing
 This function is called by:
		_vscp_readAppReg
		_writeControlReg
 This function uses a non-reentrant model


 *************** function _vscp_readAppReg *****************
 Defined at:
		line 576 in file "../main.c"
 Parameters:    Size  Location     Type
  reg             1    wreg     unsigned char 
 Auto vars:     Size  Location     Type
  reg             1   17[COMRAM] unsigned char 
  rv              1   16[COMRAM] unsigned char 
 Return value:  Size  Location     Type
                  1    wreg      unsigned char 
 Registers used:
		wreg, status,2, status,0, prodl, prodh, cstack
 Tracked objects:
		On entry : 
		On exit  : 
		Unchanged: 
 Data sizes:     COMRAM   BANK0   BANK1   BANK2   BANK3   BANK4   BANK5   BANK6   BANK7   BANK8   BANK9  BANK10  BANK11  BANK12  BANK13  BANK14
      Params:         0       0       0       0       0       0       0       0       0       0       0       0       0       0       0       0
      Locals:         2       0       0       0       0       0       0       0       0       0       0       0       0       0       0       0
      Temps:          0       0       0       0       0       0       0       0       0       0       0       0       0       0       0       0
      Totals:         2       0       0       0       0       0       0       0       0       0       0       0       0       0       0       0
Total ram usage:        2 bytes
 Hardware stack levels used:    1
 Hardware stack levels required when called:    3
 This function calls:
		_Read_b_eep
		_readControlReg
 This function is called by:
		_vscp_readRegister
		_vscp_handleProtocolEvent
 This function uses a non-reentrant model


 *************** function _interrupt_at_low_vector *****************
 Defined at:
		line 102 in file "../main.c"
 Parameters:    Size  Location     Type
		None
 Auto vars:     Size  Location     Type
		None
 Return value:  Size  Location     Type
		None               void
 Registers used:
		wreg, status,2, status,0, cstack
 Tracked objects:
		On entry : 
		On exit  : 
		Unchanged: 
 Data sizes:     COMRAM   BANK0   BANK1   BANK2   BANK3   BANK4   BANK5   BANK6   BANK7   BANK8   BANK9  BANK10  BANK11  BANK12  BANK13  BANK14
      Params:         0       0       0       0       0       0       0       0       0       0       0       0       0       0       0       0
      Locals:         0       0       0       0       0       0       0       0       0       0       0       0       0       0       0       0
      Temps:          3       0       0       0       0       0       0       0       0       0       0       0       0       0       0       0
      Totals:         3       0       0       0       0       0       0       0       0       0       0       0       0       0       0       0
Total ram usage:        3 bytes
 Hardware stack levels used:    1
 Hardware stack levels required when called:    1
 This function calls:
		i1_WriteTimer0
 This function is called by:
		Interrupt level 1
 This function uses a non-reentrant model


 *************** function i1_WriteTimer0 *****************
 Defined at:
		line 17 in file "/opt/microchip/xc8/v1.21/sources/pic18/plib/Timers/t0write.c"
 Parameters:    Size  Location     Type
  timer0          2    0[COMRAM] unsigned int 
 Auto vars:     Size  Location     Type
  WriteTimer0     2    2[COMRAM] struct Timers
 Return value:  Size  Location     Type
		None               void
 Registers used:
		None
 Tracked objects:
		On entry : 
		On exit  : 
		Unchanged: 
 Data sizes:     COMRAM   BANK0   BANK1   BANK2   BANK3   BANK4   BANK5   BANK6   BANK7   BANK8   BANK9  BANK10  BANK11  BANK12  BANK13  BANK14
      Params:         2       0       0       0       0       0       0       0       0       0       0       0       0       0       0       0
      Locals:         2       0       0       0       0       0       0       0       0       0       0       0       0       0       0       0
      Temps:          0       0       0       0       0       0       0       0       0       0       0       0       0       0       0       0
      Totals:         4       0       0       0       0       0       0       0       0       0       0       0       0       0       0       0
Total ram usage:        4 bytes
 Hardware stack levels used:    1
 This function calls:
		Nothing
 This function is called by:
		_interrupt_at_low_vector
 This function uses a non-reentrant model



MODULE INFORMATION

Module		Function		Class		Link	Load	Size
../main.c
		_vscp_getBootLo		CODE           	3172	0000	2
		_vscp_getZone  		CODE           	312C	0000	10
		_vscp_getContro		CODE           	3022	0000	28
		_init          		CODE           	2CDC	0000	54
		_vscp_setManufa		CODE           	2ECA	0000	36
		_doDM          		CODE           	155C	0000	692
		_vscp_setGUID  		CODE           	2EEE	0000	36
		_SendInformatio		CODE           	2B7E	0000	86
		_getVSCPFrame  		CODE           	2B0A	0000	116
		_vscp_setContro		CODE           	2F12	0000	36
		_vscp_getUserID		CODE           	30C4	0000	20
		_doWork        		CODE           	316A	0000	2
		_vscp_init_psto		CODE           	3166	0000	4
		_vscp_restoreDe		CODE           	3154	0000	8
		_vscp_readAppRe		CODE           	2966	0000	156
		_vscp_getFamily		CODE           	3140	0000	10
		_actionClr     		CODE           	2590	0000	208
		_vscp_setUserID		CODE           	2FEA	0000	28
		_actionSet     		CODE           	2660	0000	208
		_getCANFrame   		CODE           	2EA4	0000	38
		_main          		CODE           	2290	0000	280
		_vscp_getRegist		CODE           	316E	0000	2
		_actionClrAll  		CODE           	2D12	0000	48
		_actionSetAll  		CODE           	2D42	0000	48
		_sendVSCPFrame 		CODE           	28B2	0000	180
		_vscp_getMDF_UR		CODE           	3006	0000	28
		_init_app_eepro		CODE           	2730	0000	202
		_sendCANFrame  		CODE           	2DD2	0000	46
		_vscp_writeAppR		CODE           	215C	0000	308
		_vscp_getFamily		CODE           	3136	0000	10
		_vscp_getBuffer		CODE           	3170	0000	2
		_vscp_getSubzon		CODE           	3122	0000	10
		_vscp_getMatrix		CODE           	3084	0000	22
		_vscp_goBootloa		CODE           	2F90	0000	30
		_writeControlRe		CODE           	1BB8	0000	396
		_vscp_readNickn		CODE           	314A	0000	10
		_interrupt_at_l		CODE           	0818	0000	158
		_doApplicationO		CODE           	316C	0000	2
		_vscp_getMajorV		CODE           	3178	0000	2
		_vscp_getMinorV		CODE           	3176	0000	2
		_vscp_writeNick		CODE           	309A	0000	22
		_init_app_ram  		CODE           	30EC	0000	18
		_readControlReg		CODE           	24B8	0000	216
		_vscp_getManufa		CODE           	30B0	0000	20
		_vscp_getSubMin		CODE           	3174	0000	2
		_vscp_getGUID  		CODE           	30D8	0000	20

../main.c estimated size: 3862

/opt/microchip/xc8/v1.21/sources/pic18/plib/EEP/write_B.c
		_Write_b_eep   		CODE           	2C6C	0000	58

/opt/microchip/xc8/v1.21/sources/pic18/plib/EEP/write_B.c estimated size: 58

/opt/microchip/xc8/v1.21/sources/pic18/plib/EEP/busy_eep.c
		_Busy_eep      		CODE           	315C	0000	6

/opt/microchip/xc8/v1.21/sources/pic18/plib/EEP/busy_eep.c estimated size: 6

../ECAN.c
		_ECANReceiveMes		CODE           	1810	0000	504
		__RegsToCANID  		CODE           	1EA8	0000	356
		__ECANPointBuff		CODE           	2A8C	0000	126
		_ECANInitialize		CODE           	2A02	0000	138
		__CANIDToRegs  		CODE           	200C	0000	336
		_ECANSetOperati		CODE           	3056	0000	24
		_ECANSendMessag		CODE           	1D44	0000	356

../ECAN.c estimated size: 1840

shared
		_vscp_deviceURL		SMALLCONST     	0F00	0000	32
		__initializatio		CODE           	2F36	0000	24
		i1_WriteTimer0 		CODE           	3110	0000	18

shared estimated size: 74

../../vscp_firmware/common/vscp_firmware.c
		_vscp_getEvent 		CODE           	2E00	0000	44
		_vscp_handleHea		CODE           	317A	0000	2
		_vscp_readRegis		CODE           	306E	0000	22
		_vscp_writeRegi		CODE           	2F54	0000	30
		_vscp_error    		CODE           	3162	0000	4
		_vscp_readStdRe		CODE           	1A08	0000	432
		_vscp_goActiveS		CODE           	2FAE	0000	30
		_vscp_doOneSeco		CODE           	2BD4	0000	82
		_vscp_sendEvent		CODE           	2DA2	0000	48
		_vscp_check_pst		CODE           	2CA6	0000	54
		_vscp_writeStdR		CODE           	23A8	0000	272
		_vscp_handlePro		CODE           	0F22	0000	1594
		_vscp_handleDro		CODE           	2D72	0000	48
		_vscp_handleSet		CODE           	2F72	0000	30
		_vscp_handlePro		CODE           	27FA	0000	184
		_vscp_sendHeart		CODE           	2E7E	0000	38
		_vscp_newNodeOn		CODE           	2E2C	0000	42
		_vscp_init     		CODE           	2C26	0000	70

../../vscp_firmware/common/vscp_firmware.c estimated size: 3026

/opt/microchip/xc8/v1.21/sources/common/lbmod.c
		___lbmod       		CODE           	2E56	0000	40

/opt/microchip/xc8/v1.21/sources/common/lbmod.c estimated size: 40

/opt/microchip/xc8/v1.21/sources/pic18/plib/EEP/read_B.c
		_Read_b_eep    		CODE           	303E	0000	24

/opt/microchip/xc8/v1.21/sources/pic18/plib/EEP/read_B.c estimated size: 24

/opt/microchip/xc8/v1.21/sources/pic18/plib/Timers/t0write.c
		_WriteTimer0   		CODE           	30FE	0000	18

/opt/microchip/xc8/v1.21/sources/pic18/plib/Timers/t0write.c estimated size: 18

/opt/microchip/xc8/v1.21/sources/pic18/plib/Timers/t0open.c
		_OpenTimer0    		CODE           	2FCC	0000	30

/opt/microchip/xc8/v1.21/sources/pic18/plib/Timers/t0open.c estimated size: 30

