Microchip MPLAB XC8 Compiler V1.21 ()

Linker command line:

--edf=C:\Program Files (x86)\Microchip\xc8\v1.21\dat\en_msgs.txt -cs \
  -h+dist/Debug/production\odessa_expansion.X.production.sym \
  --cmf=dist/Debug/production\odessa_expansion.X.production.cmf -z \
  -Q18F26K80 -oC:\Users\GRODAN~1\AppData\Local\Temp\s1rc.6 \
  -Mdist/Debug/production/odessa_expansion.X.production.map -E1 -ver=XC8 \
  -ACODE=00h-0FFFFh -ACONST=00h-0FFFFh -ASMALLCONST=0F00h-0FFFhx241 \
  -AMEDIUMCONST=0F00h-0FFFFh -ACOMRAM=01h-05Fh -AABS1=00h-0E40h \
  -ABIGRAM=01h-0E40h -ARAM=060h-0FFh,0100h-01FFhx13,0E00h-0E40h \
  -ABANK0=060h-0FFh -ABANK1=0100h-01FFh -ABANK2=0200h-02FFh \
  -ABANK3=0300h-03FFh -ABANK4=0400h-04FFh -ABANK5=0500h-05FFh \
  -ABANK6=0600h-06FFh -ABANK7=0700h-07FFh -ABANK8=0800h-08FFh \
  -ABANK9=0900h-09FFh -ABANK10=0A00h-0AFFh -ABANK11=0B00h-0BFFh \
  -ABANK12=0C00h-0CFFh -ABANK13=0D00h-0DFFh -ABANK14=0E00h-0E40h \
  -ASFR=0E41h-0EFFh,0F00h-0F5Fh,0F60h-0FFFh \
  -preset_vec=00h,intcode,intcodelo=018h,powerup,init,end_init \
  -pramtop=0F00h -psmallconst=SMALLCONST -pmediumconst=MEDIUMCONST \
  -pconst=CONST -AFARRAM=00h-00h -ACONFIG=0300000h-030000Dh -pconfig=CONFIG \
  -AIDLOC=0200000h-0200007h -pidloc=IDLOC -AEEDATA=0F00000h-0F003FFh \
  -peeprom_data=EEDATA \
  -prdata=COMRAM,nvrram=COMRAM,nvbit=COMRAM,rbss=COMRAM,rbit=COMRAM \
  -pfarbss=FARRAM,fardata=FARRAM,nvFARRAM=FARRAM \
  -pintsave_regs=BIGRAM,bigbss=BIGRAM,bigdata=BIGRAM -pbss=RAM \
  -pidata=CODE,irdata=CODE,ibigdata=CODE,ifardata=CODE \
  C:\Users\GRODAN~1\AppData\Local\Temp\s1rc.obj \
  dist/Debug/production\odessa_expansion.X.production.obj 

Object code version is 3.11

Machine type is 18F26K80

Call graph: (short form)




                Name                               Link     Load   Length Selector   Space Scale
C:\Users\GRODAN~1\AppData\Local\Temp\s1rc.obj
                end_init                             B6       B6        4        C       0
                reset_vec                             0        0        4        0       0
                idloc                            200000   200000        8   200000       0
                config                           300000   300000        E   300000       0
dist/Debug/production\odessa_expansion.X.production.obj
                intcodelo                            18       18       9E        C       0
                smallconst                          F00      F00       22      780       0
                text75                             2E16     2E16       12      791       0
                text73                             2728     2728       9C      791       0
                text72                             22CC     22CC       D8      791       0
                text71                             2E04     2E04       12      791       0
                text70                             2DF2     2DF2       12      791       0
                text69                             2CD4     2CD4       1E      791       0
                text68                             2D40     2D40       18      791       0
                text67                             27C4     27C4       90      791       0
                text66                             2A5A     2A5A       36      791       0
                text65                             2BB0     2BB0       26      791       0
                text64                             2DE0     2DE0       12      791       0
                text63                             2E5A     2E5A        A      791       0
                text62                             2DCE     2DCE       12      791       0
                text61                             2DBC     2DBC       12      791       0
                text60                             2C5A     2C5A       20      791       0
                text59                             2854     2854       7E      791       0
                text58                             1D6E     1D6E      11E      791       0
                text57                             1512     1512      1F2      791       0
                text56                             2B8A     2B8A       26      791       0
                text55                             28D2     28D2       74      791       0
                text54                             2AC0     2AC0       2C      791       0
                text53                             1FA2     1FA2      114      791       0
                text52                             1C0A     1C0A      164      791       0
                text51                             2A1A     2A1A       40      791       0
                text50                             25C6     25C6       B4      791       0
                text49                             2B64     2B64       26      791       0
                text48                             2CB6     2CB6       1E      791       0
                text47                             23A4     23A4       BA      791       0
                text46                             2D0E     2D0E       1A      791       0
                text45                             2C3A     2C3A       20      791       0
                text44                             29DA     29DA       40      791       0
                text43                             2BD6     2BD6       24      791       0
                text42                             2E50     2E50        A      791       0
                text41                             2996     2996       44      791       0
                text40                             2A90     2A90       30      791       0
                text39                             2AEC     2AEC       2A      791       0
                text38                             2E8E     2E8E        2      791       0
                text37                             2E8C     2E8C        2      791       0
                text36                             2E8A     2E8A        2      791       0
                text35                             2DAA     2DAA       12      791       0
                text34                             2D96     2D96       14      791       0
                text33                             2CF2     2CF2       1C      791       0
                text32                             2D82     2D82       14      791       0
                text31                             2D6E     2D6E       14      791       0
                text30                             2E88     2E88        2      791       0
                text29                             2E86     2E86        2      791       0
                text28                             2E46     2E46        A      791       0
                text27                             2E3C     2E3C        A      791       0
                text26                             2E84     2E84        2      791       0
                text25                             18E0     18E0      19E      791       0
                text24                             2D58     2D58       16      791       0
                text23                             1A7E     1A7E      18C      791       0
                text22                             20B6     20B6      110      791       0
                text21                             2C1A     2C1A       20      791       0
                text20                             2BFA     2BFA       20      791       0
                text19                             2D28     2D28       18      791       0
                text18                             267A     267A       AE      791       0
                text17                             2E74     2E74        8      791       0
                text16                             21C6     21C6      106      791       0
                text15                             2C98     2C98       1E      791       0
                text14                             2B16     2B16       28      791       0
                text13                              F22      F22      5F0      791       0
                text12                             2512     2512       B4      791       0
                text11                             245E     245E       B4      791       0
                text10                             2E6C     2E6C        8      791       0
                text9                              2E64     2E64        8      791       0
                text8                              1704     1704      1DC      791       0
                text7                              2E7C     2E7C        4      791       0
                text6                              2E32     2E32        A      791       0
                text5                              2E28     2E28        A      791       0
                text4                              2B3E     2B3E       26      791       0
                text3                              2946     2946       50      791       0
                text2                              2E82     2E82        2      791       0
                text1                              2E80     2E80        2      791       0
                text0                              1E8C     1E8C      116      791       0
                cstackCOMRAM                          1        1       4D        1       1
                cstackBANK0                          90       90       2F       60       1
                bssBANK0                             60       60       30       60       1
                bssCOMRAM                            4E       4E        7        1       1
                cinit                              2C7A     2C7A       1E      791       0

TOTAL           Name                               Link     Load   Length     Space
        CLASS   CODE           
                end_init                             B6       B6        4         0
                intcodelo                            18       18       9E         0
                reset_vec                             0        0        4         0
                text75                             2E16     2E16       12         0
                text73                             2728     2728       9C         0
                text72                             22CC     22CC       D8         0
                text71                             2E04     2E04       12         0
                text70                             2DF2     2DF2       12         0
                text69                             2CD4     2CD4       1E         0
                text68                             2D40     2D40       18         0
                text67                             27C4     27C4       90         0
                text66                             2A5A     2A5A       36         0
                text65                             2BB0     2BB0       26         0
                text64                             2DE0     2DE0       12         0
                text63                             2E5A     2E5A        A         0
                text62                             2DCE     2DCE       12         0
                text61                             2DBC     2DBC       12         0
                text60                             2C5A     2C5A       20         0
                text59                             2854     2854       7E         0
                text58                             1D6E     1D6E      11E         0
                text57                             1512     1512      1F2         0
                text56                             2B8A     2B8A       26         0
                text55                             28D2     28D2       74         0
                text54                             2AC0     2AC0       2C         0
                text53                             1FA2     1FA2      114         0
                text52                             1C0A     1C0A      164         0
                text51                             2A1A     2A1A       40         0
                text50                             25C6     25C6       B4         0
                text49                             2B64     2B64       26         0
                text48                             2CB6     2CB6       1E         0
                text47                             23A4     23A4       BA         0
                text46                             2D0E     2D0E       1A         0
                text45                             2C3A     2C3A       20         0
                text44                             29DA     29DA       40         0
                text43                             2BD6     2BD6       24         0
                text42                             2E50     2E50        A         0
                text41                             2996     2996       44         0
                text40                             2A90     2A90       30         0
                text39                             2AEC     2AEC       2A         0
                text38                             2E8E     2E8E        2         0
                text37                             2E8C     2E8C        2         0
                text36                             2E8A     2E8A        2         0
                text35                             2DAA     2DAA       12         0
                text34                             2D96     2D96       14         0
                text33                             2CF2     2CF2       1C         0
                text32                             2D82     2D82       14         0
                text31                             2D6E     2D6E       14         0
                text30                             2E88     2E88        2         0
                text29                             2E86     2E86        2         0
                text28                             2E46     2E46        A         0
                text27                             2E3C     2E3C        A         0
                text26                             2E84     2E84        2         0
                text25                             18E0     18E0      19E         0
                text24                             2D58     2D58       16         0
                text23                             1A7E     1A7E      18C         0
                text22                             20B6     20B6      110         0
                text21                             2C1A     2C1A       20         0
                text20                             2BFA     2BFA       20         0
                text19                             2D28     2D28       18         0
                text18                             267A     267A       AE         0
                text17                             2E74     2E74        8         0
                text16                             21C6     21C6      106         0
                text15                             2C98     2C98       1E         0
                text14                             2B16     2B16       28         0
                text13                              F22      F22      5F0         0
                text12                             2512     2512       B4         0
                text11                             245E     245E       B4         0
                text10                             2E6C     2E6C        8         0
                text9                              2E64     2E64        8         0
                text8                              1704     1704      1DC         0
                text7                              2E7C     2E7C        4         0
                text6                              2E32     2E32        A         0
                text5                              2E28     2E28        A         0
                text4                              2B3E     2B3E       26         0
                text3                              2946     2946       50         0
                text2                              2E82     2E82        2         0
                text1                              2E80     2E80        2         0
                text0                              1E8C     1E8C      116         0
                cinit                              2C7A     2C7A       1E         0

        CLASS   CONST          

        CLASS   SMALLCONST     
                smallconst                          F00      F00       22         0

        CLASS   MEDIUMCONST    

        CLASS   COMRAM         
                cstackCOMRAM                          1        1       4D         1
                bssCOMRAM                            4E       4E        7         1

        CLASS   ABS1           

        CLASS   BIGRAM         

        CLASS   RAM            

        CLASS   BANK0          
                cstackBANK0                          90       90       2F         1
                bssBANK0                             60       60       30         1

        CLASS   BANK1          

        CLASS   BANK2          

        CLASS   BANK3          

        CLASS   BANK4          

        CLASS   BANK5          

        CLASS   BANK6          

        CLASS   BANK7          

        CLASS   BANK8          

        CLASS   BANK9          

        CLASS   BANK10         

        CLASS   BANK11         

        CLASS   BANK12         

        CLASS   BANK13         

        CLASS   BANK14         

        CLASS   SFR            

        CLASS   FARRAM         

        CLASS   CONFIG         
                config                           300000   300000        E         0

        CLASS   IDLOC          
                idloc                            200000   200000        8         0

        CLASS   EEDATA         



SEGMENTS        Name                           Load    Length   Top    Selector   Space  Class

                reset_vec                      000000  000004  000004         0       0  CODE    
                cstackCOMRAM                   000001  000054  000055         1       1  COMRAM  
                intcodelo                      000018  0000A2  0000BA         C       0  CODE    
                bssBANK0                       000060  00005F  0000BF        60       1  BANK0   
                smallconst                     000F00  000022  000F22       780       0  SMALLCON
                text13                         000F22  001F6E  002E90       791       0  CODE    
                idloc                          200000  000008  200008    200000       0  IDLOC   
                config                         300000  00000E  30000E    300000       0  CONFIG  


UNUSED ADDRESS RANGES

        Name                Unused          Largest block    Delta
        BANK0            0000BF-0000FF               41
        BANK1            000100-0001FF              100
        BANK10           000A00-000AFF              100
        BANK11           000B00-000BFF              100
        BANK12           000C00-000CFF              100
        BANK13           000D00-000DFF              100
        BANK14           000E00-000E40               41
        BANK2            000200-0002FF              100
        BANK3            000300-0003FF              100
        BANK4            000400-0004FF              100
        BANK5            000500-0005FF              100
        BANK6            000600-0006FF              100
        BANK7            000700-0007FF              100
        BANK8            000800-0008FF              100
        BANK9            000900-0009FF              100
        BIGRAM           000055-00005F                B
                         0000BF-000E40              D82
        CODE             000004-000017               14
                         0000BA-000EFF              E46
                         002E90-00FFFF             D170
        COMRAM           000055-00005F                B
        CONST            000004-000017               14
                         0000BA-000EFF              E46
                         002E90-00FFFF             D170
        EEDATA           F00000-F003FF              400
        MEDIUMCONST      002E90-00FFFF             D170
        RAM              0000BF-000E40              100
        SFR              000E41-000FFF               BF
        SMALLCONST       002E90-00FFFF              100

                                  Symbol Table

?_ECANReceiveMessage                     cstackCOMRAM 00000F
?_ECANSendMessage                        cstackCOMRAM 000012
?_WriteTimer0                            cstackCOMRAM 000008
?__CANIDToRegs                           cstackCOMRAM 000008
?__ECANPointBuffer                       cstackCOMRAM 000008
?__RegsToCANID                           cstackCOMRAM 000008
?___lbmod                                cstackCOMRAM 000008
?_actionClr                              cstackCOMRAM 00000B
?_actionClrAll                           cstackCOMRAM 00000B
?_actionSet                              cstackCOMRAM 00000B
?_actionSetAll                           cstackCOMRAM 00000B
?_getCANFrame                            cstackCOMRAM 00001A
?_getVSCPFrame                           cstackCOMRAM 00001E
?_readEEPROM                             cstackCOMRAM 000008
?_sendCANFrame                           cstackCOMRAM 000037
?_sendVSCPFrame                          cstackCOMRAM 00003F
?_vscp_getFamilyCode                     cstackCOMRAM 000008
?_vscp_getFamilyType                     cstackCOMRAM 000008
?_vscp_sendHeartBeat                     cstackBANK0  0000A4
?_vscp_setGUID                           cstackCOMRAM 00000B
?_vscp_setManufacturerId                 cstackCOMRAM 00000B
?_vscp_setUserID                         cstackCOMRAM 00000B
?_vscp_writeAppReg                       cstackCOMRAM 000015
?_vscp_writeRegister                     cstackCOMRAM 000018
?_vscp_writeStdReg                       cstackCOMRAM 00000F
?_writeControlReg                        cstackCOMRAM 000011
?_writeEEPROM                            cstackCOMRAM 000008
?i1_WriteTimer0                          cstackCOMRAM 000001
ECANReceiveMessage@data                  cstackCOMRAM 00000F
ECANReceiveMessage@dataLen               cstackCOMRAM 000010
ECANReceiveMessage@i                     cstackCOMRAM 000015
ECANReceiveMessage@id                    cstackCOMRAM 000014
ECANReceiveMessage@mode                  cstackCOMRAM 000016
ECANReceiveMessage@msgFlags              cstackCOMRAM 000011
ECANReceiveMessage@ptr                   cstackCOMRAM 000018
ECANReceiveMessage@savedPtr              cstackCOMRAM 000012
ECANReceiveMessage@temp                  cstackCOMRAM 000017
ECANSendMessage@buffers                  cstackCOMRAM 00002E
ECANSendMessage@data                     cstackCOMRAM 000016
ECANSendMessage@dataLen                  cstackCOMRAM 000018
ECANSendMessage@i                        cstackCOMRAM 000034
ECANSendMessage@id                       cstackCOMRAM 000012
ECANSendMessage@j                        cstackCOMRAM 00002F
ECANSendMessage@mode                     cstackCOMRAM 00002D
ECANSendMessage@msgFlags                 cstackCOMRAM 000019
ECANSendMessage@pb                       cstackCOMRAM 00001B
ECANSendMessage@ptr                      cstackCOMRAM 000035
ECANSendMessage@temp                     cstackCOMRAM 000033
ECANSendMessage@tempBSEL0                cstackCOMRAM 000030
ECANSendMessage@tempPtr                  cstackCOMRAM 000031
ECANSetOperationMode@mode                cstackCOMRAM 000008
OpenTimer0@config                        cstackCOMRAM 000008
PL10                                     text53       002076
PL12                                     text13       0014CE
PL14                                     text53       002086
PL16                                     text58       001E40
PL18                                     text13       0014E6
PL2                                      text8        0018BA
PL20                                     text58       001E54
PL22                                     text58       001E66
PL24                                     text53       002098
PL26                                     text25       001A5E
PL28                                     text58       001E7A
PL30                                     text22       0021B6
PL32                                     text57       0016F6
PL34                                     text13       0014FA
PL36                                     text53       0020AC
PL38                                     text25       001A72
PL4                                      text53       002062
PL40                                     text13       001508
PL6                                      text8        0018D2
PL8                                      text58       001E32
WriteTimer0@timer                        cstackCOMRAM 00000A
WriteTimer0@timer0                       cstackCOMRAM 000008
_ANCON0                                  (abs)        000F5D
_ANCON1                                  (abs)        000F5C
_B0CON                                   (abs)        000E80
_B0RXFUL                                 (abs)        007407
_B0TXEN                                  (abs)        0073EA
_B1CON                                   (abs)        000E90
_B1RXFUL                                 (abs)        007487
_B1TXEN                                  (abs)        0073EB
_B2CON                                   (abs)        000EA0
_B2RXFUL                                 (abs)        007507
_B2TXEN                                  (abs)        0073EC
_B3CON                                   (abs)        000EB0
_B3RXFUL                                 (abs)        007587
_B3TXEN                                  (abs)        0073ED
_B4CON                                   (abs)        000EC0
_B4RXFUL                                 (abs)        007607
_B4TXEN                                  (abs)        0073EE
_B5CON                                   (abs)        000ED0
_B5RXFUL                                 (abs)        007687
_B5TXEN                                  (abs)        0073EF
_BRGCON1                                 (abs)        000E43
_BRGCON2                                 (abs)        000E44
_BRGCON3                                 (abs)        000E45
_BSEL0                                   (abs)        000E7D
_CANCON                                  (abs)        000F6F
_CIOCON                                  (abs)        000F70
_ECANCON                                 (abs)        000F72
_ECANInitialize                          text67       0027C4
_ECANReceiveMessage                      text57       001512
_ECANSendMessage                         text52       001C0A
_ECANSetOperationMode                    text68       002D40
_EEADR                                   (abs)        000F74
_EECON1bits                              (abs)        000F7F
_EECON2                                  (abs)        000F7E
_EEDATA                                  (abs)        000F73
_FIFOEMPTY                               (abs)        007B8F
_INTCONbits                              (abs)        000FF2
_IRXIF                                   (abs)        007BBF
_MDSEL0                                  (abs)        007B96
_MDSEL1                                  (abs)        007B97
_MSEL0                                   (abs)        000E79
_MSEL1                                   (abs)        000E7A
_MSEL2                                   (abs)        000E7B
_OpenTimer0                              text69       002CD4
_PIR4bits                                (abs)        000FB7
_PORTA                                   (abs)        000F80
_PORTAbits                               (abs)        000F80
_PORTB                                   (abs)        000F81
_PORTBbits                               (abs)        000F81
_PORTC                                   (abs)        000F82
_PORTCbits                               (abs)        000F82
_RXB0CON                                 (abs)        000F60
_RXB0FILHIT0                             (abs)        007B00
_RXB0FUL                                 (abs)        007B07
_RXB0IF                                  (abs)        007BB8
_RXB0OVFL                                (abs)        007B8F
_RXB1CON                                 (abs)        000F30
_RXB1CONbits                             (abs)        000F30
_RXB1IF                                  (abs)        007BB9
_RXB1OVFL                                (abs)        007B8E
_RXF0EIDH                                (abs)        000EE2
_RXF0EIDL                                (abs)        000EE3
_RXF0SIDH                                (abs)        000EE0
_RXF0SIDL                                (abs)        000EE1
_RXF1EIDH                                (abs)        000EE6
_RXF1EIDL                                (abs)        000EE7
_RXF1EN                                  (abs)        007231
_RXF1SIDH                                (abs)        000EE4
_RXF1SIDL                                (abs)        000EE5
_RXFBCON0                                (abs)        000E71
_RXFBCON1                                (abs)        000E72
_RXFBCON2                                (abs)        000E73
_RXFBCON3                                (abs)        000E74
_RXFBCON4                                (abs)        000E75
_RXFBCON5                                (abs)        000E76
_RXFBCON6                                (abs)        000E77
_RXFBCON7                                (abs)        000E78
_RXFCON0                                 (abs)        000E46
_RXFCON1                                 (abs)        000E47
_RXM0EIDH                                (abs)        000EFA
_RXM0EIDL                                (abs)        000EFB
_RXM0EXIDM                               (abs)        0077CB
_RXM0SIDH                                (abs)        000EF8
_RXM0SIDL                                (abs)        000EF9
_RXM1EIDH                                (abs)        000EFE
_RXM1EIDL                                (abs)        000EFF
_RXM1EXIDEN                              (abs)        0077EB
_RXM1SIDH                                (abs)        000EFC
_RXM1SIDL                                (abs)        000EFD
_T0CON                                   (abs)        000FD5
_T0CONbits                               (abs)        000FD5
_TMR0H                                   (abs)        000FD7
_TMR0L                                   (abs)        000FD6
_TRISA                                   (abs)        000F92
_TRISB                                   (abs)        000F93
_TRISC                                   (abs)        000F94
_TXB0CON                                 (abs)        000F20
_TXB1CON                                 (abs)        000F10
_TXB2CON                                 (abs)        000F00
_WriteTimer0                             text71       002E04
__CANIDToRegs                            text53       001FA2
__CANIDToRegs@Value                      cstackCOMRAM 000011
__CANIDToRegs@ptr                        cstackCOMRAM 000008
__CANIDToRegs@type                       cstackCOMRAM 00000E
__CANIDToRegs@val                        cstackCOMRAM 00000A
__CFG_BBSIZ$BB2K                         (abs)        000000
__CFG_BOREN$SBORDIS                      (abs)        000000
__CFG_BORV$1                             (abs)        000000
__CFG_CANMX$PORTB                        (abs)        000000
__CFG_FOSC$HS2                           (abs)        000000
__CFG_INTOSCSEL$HIGH                     (abs)        000000
__CFG_MCLRE$ON                           (abs)        000000
__CFG_MSSPMSK$MSK7                       (abs)        000000
__CFG_PLLCFG$ON                          (abs)        000000
__CFG_RETEN$OFF                          (abs)        000000
__CFG_SOSCSEL$DIG                        (abs)        000000
__CFG_STVREN$ON                          (abs)        000000
__CFG_WDTEN$OFF                          (abs)        000000
__CFG_WDTPS$1048576                      (abs)        000000
__CFG_XINST$OFF                          (abs)        000000
__ECANPointBuffer                        text59       002854
__ECANPointBuffer@b                      cstackCOMRAM 00000B
__ECANPointBuffer@pt                     cstackCOMRAM 00000C
__ECANRxFilterHitInfo                    bssCOMRAM    000050
__HRAM                                   (abs)        000000
__Habs1                                  abs1         000000
__Hbank0                                 bank0        000000
__Hbank1                                 bank1        000000
__Hbank10                                bank10       000000
__Hbank11                                bank11       000000
__Hbank12                                bank12       000000
__Hbank13                                bank13       000000
__Hbank14                                bank14       000000
__Hbank2                                 bank2        000000
__Hbank3                                 bank3        000000
__Hbank4                                 bank4        000000
__Hbank5                                 bank5        000000
__Hbank6                                 bank6        000000
__Hbank7                                 bank7        000000
__Hbank8                                 bank8        000000
__Hbank9                                 bank9        000000
__Hbigbss                                bigbss       000000
__Hbigdata                               bigdata      000000
__Hbigram                                bigram       000000
__Hbss                                   bss          000000
__HbssBANK0                              bssBANK0     000000
__HbssCOMRAM                             bssCOMRAM    000000
__Hcinit                                 cinit        000000
__Hclrtext                               clrtext      000000
__Hcomram                                comram       000000
__Hconfig                                config       30000E
__Hconst                                 const        000000
__HcstackBANK0                           cstackBANK0  000000
__HcstackCOMRAM                          cstackCOMRAM 000000
__Hdata                                  data         000000
__Heeprom_data                           eeprom_data  000000
__Hend_init                              end_init     0000BA
__Hfarbss                                farbss       000000
__Hfardata                               fardata      000000
__Hibigdata                              ibigdata     000000
__Hidata                                 idata        000000
__Hidloc                                 idloc        200008
__Hifardata                              ifardata     000000
__Hinit                                  init         0000B6
__Hintcode                               intcode      000004
__Hintcode_body                          intcode_body 000000
__Hintcodelo                             intcodelo    0000B6
__Hintentry                              intentry     000000
__Hintret                                intret       000000
__Hintsave_regs                          intsave_regs 000000
__Hirdata                                irdata       000000
__Hmediumconst                           mediumconst  000000
__HnvFARRAM                              nvFARRAM     000000
__Hnvbit                                 nvbit        000000
__Hnvrram                                nvrram       000000
__Hpa_nodes                              pa_nodes     000000
__Hparam                                 rparam       000000
__Hpowerup                               powerup      0000B6
__Hram                                   ram          000000
__Hramtop                                ramtop       000F00
__Hrbit                                  rbit         000000
__Hrbss                                  rbss         000000
__Hrdata                                 rdata        000000
__Hreset_vec                             reset_vec    000004
__Hrparam                                rparam       000000
__Hsfr                                   sfr          000000
__Hsmallconst                            smallconst   000F22
__Hstruct                                struct       000000
__Htemp                                  temp         000000
__Htext                                  text         000000
__Htext0                                 text0        000000
__Htext1                                 text1        000000
__Htext10                                text10       000000
__Htext11                                text11       000000
__Htext12                                text12       000000
__Htext13                                text13       000000
__Htext14                                text14       000000
__Htext15                                text15       000000
__Htext16                                text16       000000
__Htext17                                text17       000000
__Htext18                                text18       000000
__Htext19                                text19       000000
__Htext2                                 text2        000000
__Htext20                                text20       000000
__Htext21                                text21       000000
__Htext22                                text22       000000
__Htext23                                text23       000000
__Htext24                                text24       000000
__Htext25                                text25       000000
__Htext26                                text26       000000
__Htext27                                text27       000000
__Htext28                                text28       000000
__Htext29                                text29       000000
__Htext3                                 text3        000000
__Htext30                                text30       000000
__Htext31                                text31       000000
__Htext32                                text32       000000
__Htext33                                text33       000000
__Htext34                                text34       000000
__Htext35                                text35       000000
__Htext36                                text36       000000
__Htext37                                text37       000000
__Htext38                                text38       000000
__Htext39                                text39       000000
__Htext4                                 text4        000000
__Htext40                                text40       000000
__Htext41                                text41       000000
__Htext42                                text42       000000
__Htext43                                text43       000000
__Htext44                                text44       000000
__Htext45                                text45       000000
__Htext46                                text46       000000
__Htext47                                text47       000000
__Htext48                                text48       000000
__Htext49                                text49       000000
__Htext5                                 text5        000000
__Htext50                                text50       000000
__Htext51                                text51       000000
__Htext52                                text52       000000
__Htext53                                text53       000000
__Htext54                                text54       000000
__Htext55                                text55       000000
__Htext56                                text56       000000
__Htext57                                text57       000000
__Htext58                                text58       000000
__Htext59                                text59       000000
__Htext6                                 text6        000000
__Htext60                                text60       000000
__Htext61                                text61       000000
__Htext62                                text62       000000
__Htext63                                text63       000000
__Htext64                                text64       000000
__Htext65                                text65       000000
__Htext66                                text66       000000
__Htext67                                text67       000000
__Htext68                                text68       000000
__Htext69                                text69       000000
__Htext7                                 text7        000000
__Htext70                                text70       000000
__Htext71                                text71       000000
__Htext72                                text72       000000
__Htext73                                text73       000000
__Htext75                                text75       000000
__Htext8                                 text8        000000
__Htext9                                 text9        000000
__LRAM                                   (abs)        000001
__Labs1                                  abs1         000000
__Lbank0                                 bank0        000000
__Lbank1                                 bank1        000000
__Lbank10                                bank10       000000
__Lbank11                                bank11       000000
__Lbank12                                bank12       000000
__Lbank13                                bank13       000000
__Lbank14                                bank14       000000
__Lbank2                                 bank2        000000
__Lbank3                                 bank3        000000
__Lbank4                                 bank4        000000
__Lbank5                                 bank5        000000
__Lbank6                                 bank6        000000
__Lbank7                                 bank7        000000
__Lbank8                                 bank8        000000
__Lbank9                                 bank9        000000
__Lbigbss                                bigbss       000000
__Lbigdata                               bigdata      000000
__Lbigram                                bigram       000000
__Lbss                                   bss          000000
__LbssBANK0                              bssBANK0     000000
__LbssCOMRAM                             bssCOMRAM    000000
__Lcinit                                 cinit        000000
__Lclrtext                               clrtext      000000
__Lcomram                                comram       000000
__Lconfig                                config       300000
__Lconst                                 const        000000
__LcstackBANK0                           cstackBANK0  000000
__LcstackCOMRAM                          cstackCOMRAM 000000
__Ldata                                  data         000000
__Leeprom_data                           eeprom_data  000000
__Lend_init                              end_init     0000B6
__Lfarbss                                farbss       000000
__Lfardata                               fardata      000000
__Libigdata                              ibigdata     000000
__Lidata                                 idata        000000
__Lidloc                                 idloc        200000
__Lifardata                              ifardata     000000
__Linit                                  init         0000B6
__Lintcode                               intcode      000004
__Lintcode_body                          intcode_body 000000
__Lintcodelo                             intcodelo    000018
__Lintentry                              intentry     000000
__Lintret                                intret       000000
__Lintsave_regs                          intsave_regs 000000
__Lirdata                                irdata       000000
__Lmediumconst                           mediumconst  000000
__LnvFARRAM                              nvFARRAM     000000
__Lnvbit                                 nvbit        000000
__Lnvrram                                nvrram       000000
__Lpa_nodes                              pa_nodes     000000
__Lparam                                 rparam       000000
__Lpowerup                               powerup      0000B6
__Lram                                   ram          000000
__Lramtop                                ramtop       000F00
__Lrbit                                  rbit         000000
__Lrbss                                  rbss         000000
__Lrdata                                 rdata        000000
__Lreset_vec                             reset_vec    000000
__Lrparam                                rparam       000000
__Lsfr                                   sfr          000000
__Lsmallconst                            smallconst   000F00
__Lstruct                                struct       000000
__Ltemp                                  temp         000000
__Ltext                                  text         000000
__Ltext0                                 text0        000000
__Ltext1                                 text1        000000
__Ltext10                                text10       000000
__Ltext11                                text11       000000
__Ltext12                                text12       000000
__Ltext13                                text13       000000
__Ltext14                                text14       000000
__Ltext15                                text15       000000
__Ltext16                                text16       000000
__Ltext17                                text17       000000
__Ltext18                                text18       000000
__Ltext19                                text19       000000
__Ltext2                                 text2        000000
__Ltext20                                text20       000000
__Ltext21                                text21       000000
__Ltext22                                text22       000000
__Ltext23                                text23       000000
__Ltext24                                text24       000000
__Ltext25                                text25       000000
__Ltext26                                text26       000000
__Ltext27                                text27       000000
__Ltext28                                text28       000000
__Ltext29                                text29       000000
__Ltext3                                 text3        000000
__Ltext30                                text30       000000
__Ltext31                                text31       000000
__Ltext32                                text32       000000
__Ltext33                                text33       000000
__Ltext34                                text34       000000
__Ltext35                                text35       000000
__Ltext36                                text36       000000
__Ltext37                                text37       000000
__Ltext38                                text38       000000
__Ltext39                                text39       000000
__Ltext4                                 text4        000000
__Ltext40                                text40       000000
__Ltext41                                text41       000000
__Ltext42                                text42       000000
__Ltext43                                text43       000000
__Ltext44                                text44       000000
__Ltext45                                text45       000000
__Ltext46                                text46       000000
__Ltext47                                text47       000000
__Ltext48                                text48       000000
__Ltext49                                text49       000000
__Ltext5                                 text5        000000
__Ltext50                                text50       000000
__Ltext51                                text51       000000
__Ltext52                                text52       000000
__Ltext53                                text53       000000
__Ltext54                                text54       000000
__Ltext55                                text55       000000
__Ltext56                                text56       000000
__Ltext57                                text57       000000
__Ltext58                                text58       000000
__Ltext59                                text59       000000
__Ltext6                                 text6        000000
__Ltext60                                text60       000000
__Ltext61                                text61       000000
__Ltext62                                text62       000000
__Ltext63                                text63       000000
__Ltext64                                text64       000000
__Ltext65                                text65       000000
__Ltext66                                text66       000000
__Ltext67                                text67       000000
__Ltext68                                text68       000000
__Ltext69                                text69       000000
__Ltext7                                 text7        000000
__Ltext70                                text70       000000
__Ltext71                                text71       000000
__Ltext72                                text72       000000
__Ltext73                                text73       000000
__Ltext75                                text75       000000
__Ltext8                                 text8        000000
__Ltext9                                 text9        000000
__RegsToCANID                            text58       001D6E
__RegsToCANID@Value                      cstackCOMRAM 00000E
__RegsToCANID@ptr                        cstackCOMRAM 000008
__RegsToCANID@type                       cstackCOMRAM 00000B
__RegsToCANID@val                        cstackCOMRAM 00000A
__S0                                     (abs)        30000E
__S1                                     (abs)        0000BF
___lbmod                                 text14       002B16
___lbmod@counter                         cstackCOMRAM 00000A
___lbmod@dividend                        cstackCOMRAM 000009
___lbmod@divisor                         cstackCOMRAM 000008
___lbmod@rem                             cstackCOMRAM 00000B
__accesstop                              (abs)        000060
__activetblptr                           (abs)        000003
__end_ofPL10                             text53       002086
__end_ofPL12                             text13       0014E6
__end_ofPL14                             text53       002098
__end_ofPL16                             text58       001E54
__end_ofPL18                             text13       0014FA
__end_ofPL2                              text8        0018D2
__end_ofPL20                             text58       001E66
__end_ofPL22                             text58       001E7A
__end_ofPL24                             text53       0020AC
__end_ofPL26                             text25       001A72
__end_ofPL28                             text58       001E8C
__end_ofPL30                             text22       0021C6
__end_ofPL32                             text57       001704
__end_ofPL34                             text13       001508
__end_ofPL36                             text53       0020B6
__end_ofPL38                             text25       001A7E
__end_ofPL4                              text53       002076
__end_ofPL40                             text13       001512
__end_ofPL6                              text8        0018E0
__end_ofPL8                              text58       001E40
__end_of_ECANInitialize                  text67       002854
__end_of_ECANReceiveMessage              text57       0016F6
__end_of_ECANSendMessage                 text52       001D6E
__end_of_ECANSetOperationMode            text68       002D58
__end_of_OpenTimer0                      text69       002CF2
__end_of_WriteTimer0                     text71       002E16
__end_of__CANIDToRegs                    text53       002062
__end_of__ECANPointBuffer                text59       0028D2
__end_of__RegsToCANID                    text58       001E32
__end_of___lbmod                         text14       002B3E
__end_of__initialization                 cinit        002C92
__end_of_actionClr                       text11       002512
__end_of_actionClrAll                    text9        002E6C
__end_of_actionSet                       text12       0025C6
__end_of_actionSetAll                    text10       002E74
__end_of_doApplicationOneSecondWork      text2        002E84
__end_of_doDM                            text8        0018BA
__end_of_doWork                          text1        002E82
__end_of_getCANFrame                     text56       002BB0
__end_of_getVSCPFrame                    text55       002946
__end_of_init                            text66       002A90
__end_of_init_app_eeprom                 text18       002728
__end_of_init_app_ram                    text70       002E04
__end_of_interrupt_at_low_vector         intcodelo    0000B6
__end_of_main                            text0        001FA2
__end_of_readControlReg                  text72       0023A4
__end_of_readEEPROM                      text35       002DBC
__end_of_sendCANFrame                    text51       002A5A
__end_of_sendVSCPFrame                   text50       00267A
__end_of_vscp_check_pstorage             text60       002C7A
__end_of_vscp_deviceURL                  smallconst   000F20
__end_of_vscp_doOneSecondWork            text3        002996
__end_of_vscp_error                      text7        002E80
__end_of_vscp_getBootLoaderAlgorithm     text30       002E8A
__end_of_vscp_getBufferSize              text29       002E88
__end_of_vscp_getEvent                   text54       002AEC
__end_of_vscp_getFamilyCode              text28       002E50
__end_of_vscp_getFamilyType              text27       002E46
__end_of_vscp_getGUID                    text34       002DAA
__end_of_vscp_getMDF_URL                 text33       002D0E
__end_of_vscp_getMajorVersion            text38       002E90
__end_of_vscp_getManufacturerId          text31       002D82
__end_of_vscp_getMatrixInfo              text45       002C5A
__end_of_vscp_getMinorVersion            text37       002E8E
__end_of_vscp_getRegisterPagesUsed       text26       002E86
__end_of_vscp_getSegmentCRC              text63       002E64
__end_of_vscp_getSubMinorVersion         text36       002E8C
__end_of_vscp_getSubzone                 text5        002E32
__end_of_vscp_getUserID                  text32       002D96
__end_of_vscp_getZone                    text6        002E3C
__end_of_vscp_goActiveState              text48       002CD4
__end_of_vscp_goBootloaderMode           text46       002D28
__end_of_vscp_handleDropNickname         text40       002AC0
__end_of_vscp_handleHeartbeat            text44       002A1A
__end_of_vscp_handleProbeState           text47       00245E
__end_of_vscp_handleProtocolEvent        text13       0014CE
__end_of_vscp_handleSetNickname          text43       002BFA
__end_of_vscp_init                       text41       0029DA
__end_of_vscp_newNodeOnline              text39       002B16
__end_of_vscp_readAppReg                 text73       0027C4
__end_of_vscp_readNicknamePermanent      text42       002E5A
__end_of_vscp_readRegister               text24       002D6E
__end_of_vscp_readStdReg                 text25       001A5E
__end_of_vscp_restoreDefaults            text17       002E7C
__end_of_vscp_sendEvent                  text49       002B8A
__end_of_vscp_sendHeartBeat              text4        002B64
__end_of_vscp_setControlByte             text61       002DCE
__end_of_vscp_setGUID                    text21       002C3A
__end_of_vscp_setManufacturerId          text20       002C1A
__end_of_vscp_setSegmentCRC              text62       002DE0
__end_of_vscp_setUserID                  text19       002D40
__end_of_vscp_writeAppReg                text22       0021B6
__end_of_vscp_writeNicknamePermanent     text64       002DF2
__end_of_vscp_writeRegister              text15       002CB6
__end_of_vscp_writeStdReg                text16       0022CC
__end_of_writeControlReg                 text23       001C0A
__end_of_writeEEPROM                     text65       002BD6
__end_ofi1_WriteTimer0                   text75       002E28
__initialization                         cinit        002C7A
__mediumconst                            mediumconst  000000
__pbssBANK0                              bssBANK0     000060
__pbssCOMRAM                             bssCOMRAM    00004E
__pcinit                                 cinit        002C7A
__pcstackBANK0                           cstackBANK0  000090
__pcstackCOMRAM                          cstackCOMRAM 000001
__pintcodelo                             intcodelo    000018
__psmallconst                            smallconst   000F00
__ptext0                                 text0        001E8C
__ptext1                                 text1        002E80
__ptext10                                text10       002E6C
__ptext11                                text11       00245E
__ptext12                                text12       002512
__ptext13                                text13       000F22
__ptext14                                text14       002B16
__ptext15                                text15       002C98
__ptext16                                text16       0021C6
__ptext17                                text17       002E74
__ptext18                                text18       00267A
__ptext19                                text19       002D28
__ptext2                                 text2        002E82
__ptext20                                text20       002BFA
__ptext21                                text21       002C1A
__ptext22                                text22       0020B6
__ptext23                                text23       001A7E
__ptext24                                text24       002D58
__ptext25                                text25       0018E0
__ptext26                                text26       002E84
__ptext27                                text27       002E3C
__ptext28                                text28       002E46
__ptext29                                text29       002E86
__ptext3                                 text3        002946
__ptext30                                text30       002E88
__ptext31                                text31       002D6E
__ptext32                                text32       002D82
__ptext33                                text33       002CF2
__ptext34                                text34       002D96
__ptext35                                text35       002DAA
__ptext36                                text36       002E8A
__ptext37                                text37       002E8C
__ptext38                                text38       002E8E
__ptext39                                text39       002AEC
__ptext4                                 text4        002B3E
__ptext40                                text40       002A90
__ptext41                                text41       002996
__ptext42                                text42       002E50
__ptext43                                text43       002BD6
__ptext44                                text44       0029DA
__ptext45                                text45       002C3A
__ptext46                                text46       002D0E
__ptext47                                text47       0023A4
__ptext48                                text48       002CB6
__ptext49                                text49       002B64
__ptext5                                 text5        002E28
__ptext50                                text50       0025C6
__ptext51                                text51       002A1A
__ptext52                                text52       001C0A
__ptext53                                text53       001FA2
__ptext54                                text54       002AC0
__ptext55                                text55       0028D2
__ptext56                                text56       002B8A
__ptext57                                text57       001512
__ptext58                                text58       001D6E
__ptext59                                text59       002854
__ptext6                                 text6        002E32
__ptext60                                text60       002C5A
__ptext61                                text61       002DBC
__ptext62                                text62       002DCE
__ptext63                                text63       002E5A
__ptext64                                text64       002DE0
__ptext65                                text65       002BB0
__ptext66                                text66       002A5A
__ptext67                                text67       0027C4
__ptext68                                text68       002D40
__ptext69                                text69       002CD4
__ptext7                                 text7        002E7C
__ptext70                                text70       002DF2
__ptext71                                text71       002E04
__ptext72                                text72       0022CC
__ptext73                                text73       002728
__ptext75                                text75       002E16
__ptext8                                 text8        001704
__ptext9                                 text9        002E64
__ramtop                                 ramtop       000F00
__size_of_ECANInitialize                 (abs)        000000
__size_of_ECANReceiveMessage             (abs)        000000
__size_of_ECANSendMessage                (abs)        000000
__size_of_ECANSetOperationMode           (abs)        000000
__size_of_OpenTimer0                     (abs)        000000
__size_of_WriteTimer0                    (abs)        000000
__size_of__CANIDToRegs                   (abs)        000000
__size_of__ECANPointBuffer               (abs)        000000
__size_of__RegsToCANID                   (abs)        000000
__size_of___lbmod                        (abs)        000000
__size_of_actionClr                      (abs)        000000
__size_of_actionClrAll                   (abs)        000000
__size_of_actionSet                      (abs)        000000
__size_of_actionSetAll                   (abs)        000000
__size_of_doApplicationOneSecondWork     (abs)        000000
__size_of_doDM                           (abs)        000000
__size_of_doWork                         (abs)        000000
__size_of_getCANFrame                    (abs)        000000
__size_of_getVSCPFrame                   (abs)        000000
__size_of_init                           (abs)        000000
__size_of_init_app_eeprom                (abs)        000000
__size_of_init_app_ram                   (abs)        000000
__size_of_interrupt_at_low_vector        (abs)        000000
__size_of_main                           (abs)        000000
__size_of_readControlReg                 (abs)        000000
__size_of_readEEPROM                     (abs)        000000
__size_of_sendCANFrame                   (abs)        000000
__size_of_sendVSCPFrame                  (abs)        000000
__size_of_vscp_check_pstorage            (abs)        000000
__size_of_vscp_doOneSecondWork           (abs)        000000
__size_of_vscp_error                     (abs)        000000
__size_of_vscp_getBootLoaderAlgorithm    (abs)        000000
__size_of_vscp_getBufferSize             (abs)        000000
__size_of_vscp_getEvent                  (abs)        000000
__size_of_vscp_getFamilyCode             (abs)        000000
__size_of_vscp_getFamilyType             (abs)        000000
__size_of_vscp_getGUID                   (abs)        000000
__size_of_vscp_getMDF_URL                (abs)        000000
__size_of_vscp_getMajorVersion           (abs)        000000
__size_of_vscp_getManufacturerId         (abs)        000000
__size_of_vscp_getMatrixInfo             (abs)        000000
__size_of_vscp_getMinorVersion           (abs)        000000
__size_of_vscp_getRegisterPagesUsed      (abs)        000000
__size_of_vscp_getSegmentCRC             (abs)        000000
__size_of_vscp_getSubMinorVersion        (abs)        000000
__size_of_vscp_getSubzone                (abs)        000000
__size_of_vscp_getUserID                 (abs)        000000
__size_of_vscp_getZone                   (abs)        000000
__size_of_vscp_goActiveState             (abs)        000000
__size_of_vscp_goBootloaderMode          (abs)        000000
__size_of_vscp_handleDropNickname        (abs)        000000
__size_of_vscp_handleHeartbeat           (abs)        000000
__size_of_vscp_handleProbeState          (abs)        000000
__size_of_vscp_handleProtocolEvent       (abs)        000000
__size_of_vscp_handleSetNickname         (abs)        000000
__size_of_vscp_init                      (abs)        000000
__size_of_vscp_newNodeOnline             (abs)        000000
__size_of_vscp_readAppReg                (abs)        000000
__size_of_vscp_readNicknamePermanent     (abs)        000000
__size_of_vscp_readRegister              (abs)        000000
__size_of_vscp_readStdReg                (abs)        000000
__size_of_vscp_restoreDefaults           (abs)        000000
__size_of_vscp_sendEvent                 (abs)        000000
__size_of_vscp_sendHeartBeat             (abs)        000000
__size_of_vscp_setControlByte            (abs)        000000
__size_of_vscp_setGUID                   (abs)        000000
__size_of_vscp_setManufacturerId         (abs)        000000
__size_of_vscp_setSegmentCRC             (abs)        000000
__size_of_vscp_setUserID                 (abs)        000000
__size_of_vscp_writeAppReg               (abs)        000000
__size_of_vscp_writeNicknamePermanent    (abs)        000000
__size_of_vscp_writeRegister             (abs)        000000
__size_of_vscp_writeStdReg               (abs)        000000
__size_of_writeControlReg                (abs)        000000
__size_of_writeEEPROM                    (abs)        000000
__size_ofi1_WriteTimer0                  (abs)        000000
__smallconst                             smallconst   000F00
_actionClr                               text11       00245E
_actionClrAll                            text9        002E64
_actionSet                               text12       002512
_actionSetAll                            text10       002E6C
_doApplicationOneSecondWork              text2        002E82
_doDM                                    text8        001704
_doDM$1984                               cstackCOMRAM 000015
_doDM$1985                               cstackCOMRAM 000016
_doWork                                  text1        002E80
_getCANFrame                             text56       002B8A
_getVSCPFrame                            text55       0028D2
_hours                                   bssBANK0     000068
_init                                    text66       002A5A
_init_app_eeprom                         text18       00267A
_init_app_ram                            text70       002DF2
_interrupt_at_low_vector                 intcodelo    000018
_main                                    text0        001E8C
_measurement_clock                       bssBANK0     000060
_minutes                                 bssBANK0     000069
_readControlReg                          text72       0022CC
_readEEPROM                              text35       002DAA
_seconds                                 bssBANK0     00006A
_sendCANFrame                            text51       002A1A
_sendTimer                               bssCOMRAM    000051
_sendVSCPFrame                           text50       0025C6
_vscp_alarmstatus                        bssBANK0     00006B
_vscp_check_pstorage                     text60       002C5A
_vscp_configtimer                        bssBANK0     000064
_vscp_deviceURL                          smallconst   000F00
_vscp_doOneSecondWork                    text3        002946
_vscp_error                              text7        002E7C
_vscp_getBootLoaderAlgorithm             text30       002E88
_vscp_getBufferSize                      text29       002E86
_vscp_getEvent                           text54       002AC0
_vscp_getFamilyCode                      text28       002E46
_vscp_getFamilyType                      text27       002E3C
_vscp_getGUID                            text34       002D96
_vscp_getMDF_URL                         text33       002CF2
_vscp_getMajorVersion                    text38       002E8E
_vscp_getManufacturerId                  text31       002D6E
_vscp_getMatrixInfo                      text45       002C3A
_vscp_getMinorVersion                    text37       002E8C
_vscp_getRegisterPagesUsed               text26       002E84
_vscp_getSegmentCRC                      text63       002E5A
_vscp_getSubMinorVersion                 text36       002E8A
_vscp_getSubzone                         text5        002E28
_vscp_getUserID                          text32       002D82
_vscp_getZone                            text6        002E32
_vscp_goActiveState                      text48       002CB6
_vscp_goBootloaderMode                   text46       002D0E
_vscp_guid_reset                         bssBANK0     00006C
_vscp_handleDropNickname                 text40       002A90
_vscp_handleHeartbeat                    text44       0029DA
_vscp_handleProbeState                   text47       0023A4
_vscp_handleProtocolEvent                text13       000F22
_vscp_handleSetNickname                  text43       002BD6
_vscp_hour                               bssBANK0     00006D
_vscp_imsg                               bssBANK0     000075
_vscp_init                               text41       002996
_vscp_initbtncnt                         bssBANK0     00006E
_vscp_initledfunc                        bssCOMRAM    000052
_vscp_minute                             bssBANK0     00006F
_vscp_newNodeOnline                      text39       002AEC
_vscp_nickname                           bssBANK0     000070
_vscp_node_state                         bssBANK0     000071
_vscp_node_substate                      bssBANK0     000072
_vscp_omsg                               bssBANK0     000083
_vscp_page_select                        bssCOMRAM    00004E
_vscp_probe_address                      bssCOMRAM    000053
_vscp_probe_cnt                          bssBANK0     000073
_vscp_readAppReg                         text73       002728
_vscp_readNicknamePermanent              text42       002E50
_vscp_readRegister                       text24       002D58
_vscp_readStdReg                         text25       0018E0
_vscp_restoreDefaults                    text17       002E74
_vscp_second                             bssBANK0     000074
_vscp_sendEvent                          text49       002B64
_vscp_sendHeartBeat                      text4        002B3E
_vscp_setControlByte                     text61       002DBC
_vscp_setGUID                            text21       002C1A
_vscp_setManufacturerId                  text20       002BFA
_vscp_setSegmentCRC                      text62       002DCE
_vscp_setUserID                          text19       002D28
_vscp_statuscnt                          bssCOMRAM    000054
_vscp_timer                              bssBANK0     000066
_vscp_writeAppReg                        text22       0020B6
_vscp_writeNicknamePermanent             text64       002DE0
_vscp_writeRegister                      text15       002C98
_vscp_writeStdReg                        text16       0021C6
_writeControlReg                         text23       001A7E
_writeEEPROM                             text65       002BB0
actionClr@param                          cstackCOMRAM 00000B
actionSet@param                          cstackCOMRAM 00000B
doDM@class_filter                        cstackCOMRAM 00000F
doDM@class_mask                          cstackCOMRAM 000011
doDM@dmflags                             cstackCOMRAM 000017
doDM@i                                   cstackCOMRAM 000018
doDM@type_filter                         cstackCOMRAM 000013
doDM@type_mask                           cstackCOMRAM 000014
end_of_initialization                    cinit        002C92
getCANFrame@flags                        cstackCOMRAM 00001D
getCANFrame@pdata                        cstackCOMRAM 00001B
getCANFrame@pdlc                         cstackCOMRAM 00001A
getCANFrame@pid                          cstackCOMRAM 00001C
getVSCPFrame@id                          cstackCOMRAM 000028
getVSCPFrame@pData                       cstackCOMRAM 000022
getVSCPFrame@pNodeId                     cstackCOMRAM 00001F
getVSCPFrame@pPriority                   cstackCOMRAM 000020
getVSCPFrame@pSize                       cstackCOMRAM 000021
getVSCPFrame@pvscpclass                  cstackCOMRAM 000027
getVSCPFrame@pvscptype                   cstackCOMRAM 00001E
i1WriteTimer0@timer                      cstackCOMRAM 000003
i1WriteTimer0@timer0                     cstackCOMRAM 000001
i1_WriteTimer0                           text75       002E16
init_app_eeprom@i                        cstackCOMRAM 00000E
init_app_eeprom@j                        cstackCOMRAM 00000D
intlevel0                                text         000000
intlevel1                                text         000000
intlevel2                                text         000000
intlevel3                                text         000000
readControlReg@ctrlreg                   cstackCOMRAM 00000F
readControlReg@rv                        cstackCOMRAM 000010
readEEPROM@address                       cstackCOMRAM 000008
readEEPROM@data                          cstackCOMRAM 00000A
sendCANFrame@dlc                         cstackCOMRAM 00003B
sendCANFrame@id                          cstackCOMRAM 000037
sendCANFrame@pdata                       cstackCOMRAM 00003C
sendCANFrame@rv                          cstackCOMRAM 00003E
sendVSCPFrame@id                         cstackCOMRAM 000047
sendVSCPFrame@nodeid                     cstackCOMRAM 000042
sendVSCPFrame@pData                      cstackCOMRAM 000045
sendVSCPFrame@priority                   cstackCOMRAM 000043
sendVSCPFrame@size                       cstackCOMRAM 000044
sendVSCPFrame@vscpclass                  cstackCOMRAM 00003F
sendVSCPFrame@vscptype                   cstackCOMRAM 000041
start                                    init         0000B6
start_initialization                     cinit        002C7A
vscp_getEvent@rv                         cstackCOMRAM 00002C
vscp_getGUID@idx                         cstackCOMRAM 00000B
vscp_getMDF_URL@idx                      cstackCOMRAM 000009
vscp_getManufacturerId@idx               cstackCOMRAM 00000B
vscp_getMatrixInfo@i                     cstackCOMRAM 000008
vscp_getUserID@idx                       cstackCOMRAM 00000B
vscp_goBootloaderMode@algorithm          cstackCOMRAM 00000B
vscp_handleDropNickname@bytes            cstackCOMRAM 00000C
vscp_handleProtocolEvent@byte            cstackBANK0  0000BB
vscp_handleProtocolEvent@bytes           cstackBANK0  0000B1
vscp_handleProtocolEvent@bytes_1134      cstackBANK0  0000B9
vscp_handleProtocolEvent@bytes_this_time cstackBANK0  0000B5
vscp_handleProtocolEvent@cb              cstackBANK0  0000B6
vscp_handleProtocolEvent@i               cstackBANK0  0000BD
vscp_handleProtocolEvent@i_1126          cstackBANK0  0000BA
vscp_handleProtocolEvent@i_1129          cstackBANK0  0000BC
vscp_handleProtocolEvent@i_1137          cstackBANK0  0000B7
vscp_handleProtocolEvent@j               cstackBANK0  0000BE
vscp_handleProtocolEvent@k               cstackBANK0  0000B8
vscp_handleProtocolEvent@len             cstackBANK0  0000B2
vscp_handleProtocolEvent@len_1128        cstackBANK0  0000B4
vscp_handleProtocolEvent@offset          cstackBANK0  0000AF
vscp_handleProtocolEvent@page_save       cstackBANK0  0000AB
vscp_handleProtocolEvent@page_save_1138  cstackBANK0  0000AD
vscp_handleProtocolEvent@pos             cstackBANK0  0000B0
vscp_handleProtocolEvent@pos_1127        cstackBANK0  0000B3
vscp_readAppReg@reg                      cstackCOMRAM 000012
vscp_readAppReg@rv                       cstackCOMRAM 000011
vscp_readRegister@reg                    cstackCOMRAM 00001D
vscp_readStdReg@code                     cstackCOMRAM 000011
vscp_readStdReg@code_1111                cstackCOMRAM 000015
vscp_readStdReg@idx                      cstackCOMRAM 000019
vscp_readStdReg@idx_1112                 cstackCOMRAM 00001A
vscp_readStdReg@reg                      cstackCOMRAM 00001C
vscp_readStdReg@rv                       cstackCOMRAM 00001B
vscp_sendHeartBeat@subzone               cstackBANK0  0000A4
vscp_sendHeartBeat@zone                  cstackCOMRAM 00004C
vscp_setControlByte@ctrl                 cstackCOMRAM 00000B
vscp_setGUID@data                        cstackCOMRAM 00000B
vscp_setGUID@idx                         cstackCOMRAM 00000C
vscp_setManufacturerId@data              cstackCOMRAM 00000B
vscp_setManufacturerId@idx               cstackCOMRAM 00000C
vscp_setSegmentCRC@crc                   cstackCOMRAM 00000B
vscp_setUserID@data                      cstackCOMRAM 00000B
vscp_setUserID@idx                       cstackCOMRAM 00000C
vscp_writeAppReg@reg                     cstackCOMRAM 000017
vscp_writeAppReg@rv                      cstackCOMRAM 000016
vscp_writeAppReg@val                     cstackCOMRAM 000015
vscp_writeNicknamePermanent@nickname     cstackCOMRAM 00000B
vscp_writeRegister@reg                   cstackCOMRAM 000019
vscp_writeRegister@value                 cstackCOMRAM 000018
vscp_writeStdReg@reg                     cstackCOMRAM 000015
vscp_writeStdReg@rv                      cstackCOMRAM 000014
vscp_writeStdReg@value                   cstackCOMRAM 00000F
writeControlReg@ctrlreg                  cstackCOMRAM 000013
writeControlReg@rv                       cstackCOMRAM 000014
writeControlReg@val                      cstackCOMRAM 000011
writeEEPROM@address                      cstackCOMRAM 000008
writeEEPROM@data                         cstackCOMRAM 00000A


FUNCTION INFORMATION:

 *************** function _main *****************
 Defined at:
		line 167 in file "../main.c"
 Parameters:    Size  Location     Type
		None
 Auto vars:     Size  Location     Type
		None
 Return value:  Size  Location     Type
		None               void
 Registers used:
		wreg, fsr0l, fsr0h, fsr1l, fsr1h, fsr1l, fsr1h, fsr2l, fsr2h, status,2, status,0, pclat, btemp, btemp+1, btemp+2, btemp+3, btemp+4, btemp+5, btemp+6, btemp+7, tosl, structret, tblptrl, tblptrh, tblptru, prodl, prodh, bsr, cstack
 Tracked objects:
		On entry : 
		On exit  : 
		Unchanged: 
 Data sizes:     COMRAM   BANK0   BANK1   BANK2   BANK3   BANK4   BANK5   BANK6   BANK7   BANK8   BANK9  BANK10  BANK11  BANK12  BANK13  BANK14
      Params:         0       0       0       0       0       0       0       0       0       0       0       0       0       0       0       0
      Locals:         0       0       0       0       0       0       0       0       0       0       0       0       0       0       0       0
      Temps:          0       0       0       0       0       0       0       0       0       0       0       0       0       0       0       0
      Totals:         0       0       0       0       0       0       0       0       0       0       0       0       0       0       0       0
Total ram usage:        0 bytes
 Hardware stack levels required when called:    9
 This function calls:
		_init
[...]
 Defined at:
		line 302 in file "../main.c"
 Parameters:    Size  Location     Type
		None
 Auto vars:     Size  Location     Type
		None
 Return value:  Size  Location     Type
		None               void
 Registers used:
		wreg, fsr0l, fsr0h, fsr1l, fsr1h, fsr1l, fsr1h, fsr2l, fsr2h, status,2, status,0, pclat, btemp, btemp+1, btemp+2, btemp+3, btemp+4, btemp+5, btemp+6, btemp+7, tosl, structret, tblptrl, tblptrh, tblptru, prodl, prodh, bsr, cstack
 Tracked objects:
		On entry : 
		On exit  : 
		Unchanged: 
 Data sizes:     COMRAM   BANK0   BANK1   BANK2   BANK3   BANK4   BANK5   BANK6   BANK7   BANK8   BANK9  BANK10  BANK11  BANK12  BANK13  BANK14
      Params:         0       0       0       0       0       0       0       0       0       0       0       0       0       0       0       0
      Locals:         0       0       0       0       0       0       0       0       0       0       0       0       0       0       0       0
      Temps:          0       0       0       0       0       0       0       0       0       0       0       0       0       0       0       0
      Totals:         0       0       0       0       0       0       0       0       0       0       0       0       0       0       0       0
Total ram usage:        0 bytes
 Hardware stack levels used:    1
 Hardware stack levels required when called:    4
 This function calls:
		_WriteTimer0
		_init_app_ram
		_OpenTimer0
		_ECANInitialize
 This function is called by:
		_main
 This function uses a non-reentrant model


 *************** function _ECANInitialize *****************
 Defined at:
		line 168 in file "../ECAN.c"
 Parameters:    Size  Location     Type
		None
 Auto vars:     Size  Location     Type
		None
 Return value:  Size  Location     Type
		None               void
 Registers used:
		wreg, status,2, status,0, cstack
 Tracked objects:
		On entry : 
		On exit  : 
		Unchanged: 
 Data sizes:     COMRAM   BANK0   BANK1   BANK2   BANK3   BANK4   BANK5   BANK6   BANK7   BANK8   BANK9  BANK10  BANK11  BANK12  BANK13  BANK14
      Params:         0       0       0       0       0       0       0       0       0       0       0       0       0       0       0       0
      Locals:         0       0       0       0       0       0       0       0       0       0       0       0       0       0       0       0
      Temps:          0       0       0       0       0       0       0       0       0       0       0       0       0       0       0       0
      Totals:         0       0       0       0       0       0       0       0       0       0       0       0       0       0       0       0
Total ram usage:        0 bytes
 Hardware stack levels used:    1
 Hardware stack levels required when called:    3
 This function calls:
		_ECANSetOperationMode
 This function is called by:
		_init
 This function uses a non-reentrant model


 *************** function _ECANSetOperationMode *****************
 Defined at:
		line 1012 in file "../ECAN.c"
 Parameters:    Size  Location     Type
  mode            1    wreg     enum E18989
 Auto vars:     Size  Location     Type
  mode            1    7[COMRAM] enum E18989
 Return value:  Size  Location     Type
		None               void
 Registers used:
		wreg, status,2, status,0
 Tracked objects:
		On entry : 
		On exit  : 
		Unchanged: 
 Data sizes:     COMRAM   BANK0   BANK1   BANK2   BANK3   BANK4   BANK5   BANK6   BANK7   BANK8   BANK9  BANK10  BANK11  BANK12  BANK13  BANK14
      Params:         0       0       0       0       0       0       0       0       0       0       0       0       0       0       0       0
      Locals:         1       0       0       0       0       0       0       0       0       0       0       0       0       0       0       0
      Temps:          0       0       0       0       0       0       0       0       0       0       0       0       0       0       0       0
      Totals:         1       0       0       0       0       0       0       0       0       0       0       0       0       0       0       0
Total ram usage:        1 bytes
 Hardware stack levels used:    1
 Hardware stack levels required when called:    2
 This function calls:
		Nothing
 This function is called by:
		_ECANInitialize
 This function uses a non-reentrant model


 *************** function _OpenTimer0 *****************
 Defined at:
		line 19 in file "C:\Program Files (x86)\Microchip\xc8\v1.21\sources\pic18\plib\Timers\t0open.c"
 Parameters:    Size  Location     Type
  config          1    wreg     unsigned char 
 Auto vars:     Size  Location     Type
  config          1    7[COMRAM] unsigned char 
 Return value:  Size  Location     Type
		None               void
 Registers used:
		wreg, status,2, status,0
 Tracked objects:
		On entry : 
		On exit  : 
		Unchanged: 
 Data sizes:     COMRAM   BANK0   BANK1   BANK2   BANK3   BANK4   BANK5   BANK6   BANK7   BANK8   BANK9  BANK10  BANK11  BANK12  BANK13  BANK14
      Params:         0       0       0       0       0       0       0       0       0       0       0       0       0       0       0       0
      Locals:         1       0       0       0       0       0       0       0       0       0       0       0       0       0       0       0
      Temps:          0       0       0       0       0       0       0       0       0       0       0       0       0       0       0       0
      Totals:         1       0       0       0       0       0       0       0       0       0       0       0       0       0       0       0
Total ram usage:        1 bytes
 Hardware stack levels used:    1
 Hardware stack levels required when called:    2
 This function calls:
		Nothing
 This function is called by:
		_init
 This function uses a non-reentrant model


 *************** function _init_app_ram *****************
 Defined at:
		line 410 in file "../main.c"
 Parameters:    Size  Location     Type
		None
 Auto vars:     Size  Location     Type
  i               1    0        unsigned char 
 Return value:  Size  Location     Type
		None               void
 Registers used:
		None
 Tracked objects:
		On entry : 
		On exit  : 
		Unchanged: 
 Data sizes:     COMRAM   BANK0   BANK1   BANK2   BANK3   BANK4   BANK5   BANK6   BANK7   BANK8   BANK9  BANK10  BANK11  BANK12  BANK13  BANK14
      Params:         0       0       0       0       0       0       0       0       0       0       0       0       0       0       0       0
      Locals:         0       0       0       0       0       0       0       0       0       0       0       0       0       0       0       0
      Temps:          0       0       0       0       0       0       0       0       0       0       0       0       0       0       0       0
      Totals:         0       0       0       0       0       0       0       0       0       0       0       0       0       0       0       0
Total ram usage:        0 bytes
 Hardware stack levels used:    1
 Hardware stack levels required when called:    2
 This function calls:
		Nothing
 This function is called by:
		_main
		_init
		_vscp_restoreDefaults
 This function uses a non-reentrant model


 *************** function _WriteTimer0 *****************
 Defined at:
		line 17 in file "C:\Program Files (x86)\Microchip\xc8\v1.21\sources\pic18\plib\Timers\t0write.c"
 Parameters:    Size  Location     Type
  timer0          2    7[COMRAM] unsigned int 
 Auto vars:     Size  Location     Type
  timer           2    9[COMRAM] struct Timers
 Return value:  Size  Location     Type
		None               void
 Registers used:
		None
 Tracked objects:
		On entry : 
		On exit  : 
		Unchanged: 
 Data sizes:     COMRAM   BANK0   BANK1   BANK2   BANK3   BANK4   BANK5   BANK6   BANK7   BANK8   BANK9  BANK10  BANK11  BANK12  BANK13  BANK14
      Params:         2       0       0       0       0       0       0       0       0       0       0       0       0       0       0       0
      Locals:         2       0       0       0       0       0       0       0       0       0       0       0       0       0       0       0
      Temps:          0       0       0       0       0       0       0       0       0       0       0       0       0       0       0       0
      Totals:         4       0       0       0       0       0       0       0       0       0       0       0       0       0       0       0
Total ram usage:        4 bytes
 Hardware stack levels used:    1
 Hardware stack levels required when called:    2
 This function calls:
		Nothing
 This function is called by:
		_init
 This function uses a non-reentrant model


 *************** function _readControlReg *****************
 Defined at:
		line 751 in file "../main.c"
 Parameters:    Size  Location     Type
  ctrlreg         1    wreg     unsigned char 
 Auto vars:     Size  Location     Type
  ctrlreg         1   14[COMRAM] unsigned char 
  rv              1   15[COMRAM] unsigned char 
 Return value:  Size  Location     Type
                  1    wreg      unsigned char 
 Registers used:
		wreg, status,2, status,0, prodl, prodh
 Tracked objects:
		On entry : 
		On exit  : 
		Unchanged: 
 Data sizes:     COMRAM   BANK0   BANK1   BANK2   BANK3   BANK4   BANK5   BANK6   BANK7   BANK8   BANK9  BANK10  BANK11  BANK12  BANK13  BANK14
      Params:         0       0       0       0       0       0       0       0       0       0       0       0       0       0       0       0
      Locals:         2       0       0       0       0       0       0       0       0       0       0       0       0       0       0       0
      Temps:          7       0       0       0       0       0       0       0       0       0       0       0       0       0       0       0
      Totals:         9       0       0       0       0       0       0       0       0       0       0       0       0       0       0       0
Total ram usage:        9 bytes
 Hardware stack levels used:    1
 Hardware stack levels required when called:    2
 This function calls:
		Nothing
 This function is called by:
		_vscp_readAppReg
		_writeControlReg
 This function uses a non-reentrant model


 *************** function _vscp_readAppReg *****************
 Defined at:
		line 586 in file "../main.c"
 Parameters:    Size  Location     Type
  reg             1    wreg     unsigned char 
 Auto vars:     Size  Location     Type
  reg             1   17[COMRAM] unsigned char 
  rv              1   16[COMRAM] unsigned char 
 Return value:  Size  Location     Type
                  1    wreg      unsigned char 
 Registers used:
		wreg, status,2, status,0, prodl, prodh, cstack
 Tracked objects:
		On entry : 
		On exit  : 
		Unchanged: 
 Data sizes:     COMRAM   BANK0   BANK1   BANK2   BANK3   BANK4   BANK5   BANK6   BANK7   BANK8   BANK9  BANK10  BANK11  BANK12  BANK13  BANK14
      Params:         0       0       0       0       0       0       0       0       0       0       0       0       0       0       0       0
      Locals:         2       0       0       0       0       0       0       0       0       0       0       0       0       0       0       0
      Temps:          0       0       0       0       0       0       0       0       0       0       0       0       0       0       0       0
      Totals:         2       0       0       0       0       0       0       0       0       0       0       0       0       0       0       0
Total ram usage:        2 bytes
 Hardware stack levels used:    1
 Hardware stack levels required when called:    3
 This function calls:
		_readEEPROM
		_readControlReg
 This function is called by:
		_vscp_readRegister
		_vscp_handleProtocolEvent
 This function uses a non-reentrant model


 *************** function _interrupt_at_low_vector *****************
 Defined at:
		line 111 in file "../main.c"
 Parameters:    Size  Location     Type
		None
 Auto vars:     Size  Location     Type
		None
 Return value:  Size  Location     Type
		None               void
 Registers used:
		wreg, status,2, status,0, cstack
 Tracked objects:
		On entry : 
		On exit  : 
		Unchanged: 
 Data sizes:     COMRAM   BANK0   BANK1   BANK2   BANK3   BANK4   BANK5   BANK6   BANK7   BANK8   BANK9  BANK10  BANK11  BANK12  BANK13  BANK14
      Params:         0       0       0       0       0       0       0       0       0       0       0       0       0       0       0       0
      Locals:         0       0       0       0       0       0       0       0       0       0       0       0       0       0       0       0
      Temps:          3       0       0       0       0       0       0       0       0       0       0       0       0       0       0       0
      Totals:         3       0       0       0       0       0       0       0       0       0       0       0       0       0       0       0
Total ram usage:        3 bytes
 Hardware stack levels used:    1
 Hardware stack levels required when called:    1
 This function calls:
		i1_WriteTimer0
 This function is called by:
		Interrupt level 1
 This function uses a non-reentrant model


 *************** function i1_WriteTimer0 *****************
 Defined at:
		line 17 in file "C:\Program Files (x86)\Microchip\xc8\v1.21\sources\pic18\plib\Timers\t0write.c"
 Parameters:    Size  Location     Type
  timer0          2    0[COMRAM] unsigned int 
 Auto vars:     Size  Location     Type
  WriteTimer0     2    2[COMRAM] struct Timers
 Return value:  Size  Location     Type
		None               void
 Registers used:
		None
 Tracked objects:
		On entry : 
		On exit  : 
		Unchanged: 
 Data sizes:     COMRAM   BANK0   BANK1   BANK2   BANK3   BANK4   BANK5   BANK6   BANK7   BANK8   BANK9  BANK10  BANK11  BANK12  BANK13  BANK14
      Params:         2       0       0       0       0       0       0       0       0       0       0       0       0       0       0       0
      Locals:         2       0       0       0       0       0       0       0       0       0       0       0       0       0       0       0
      Temps:          0       0       0       0       0       0       0       0       0       0       0       0       0       0       0       0
      Totals:         4       0       0       0       0       0       0       0       0       0       0       0       0       0       0       0
Total ram usage:        4 bytes
 Hardware stack levels used:    1
 This function calls:
		Nothing
 This function is called by:
		_interrupt_at_low_vector
 This function uses a non-reentrant model



MODULE INFORMATION

Module		Function		Class		Link	Load	Size
../main.c
		_vscp_getBootLo		CODE           	2E88	0000	2
		_vscp_getZone  		CODE           	2E32	0000	10
		_init          		CODE           	2A5A	0000	54
		_vscp_setManufa		CODE           	2BFA	0000	32
		_doDM          		CODE           	1704	0000	438
		_vscp_setGUID  		CODE           	2C1A	0000	32
		_getVSCPFrame  		CODE           	28D2	0000	116
		_vscp_setContro		CODE           	2DBC	0000	18
		_vscp_getUserID		CODE           	2D82	0000	20
		_doWork        		CODE           	2E80	0000	2
		_vscp_getSegmen		CODE           	2E5A	0000	10
		_vscp_restoreDe		CODE           	2E74	0000	8
		_vscp_readAppRe		CODE           	2728	0000	156
		_vscp_getFamily		CODE           	2E46	0000	10
		_actionClr     		CODE           	245E	0000	180
		_vscp_setUserID		CODE           	2D28	0000	24
		_actionSet     		CODE           	2512	0000	180
		_getCANFrame   		CODE           	2B8A	0000	38
		_main          		CODE           	1E8C	0000	278
		_vscp_getRegist		CODE           	2E84	0000	2
		_actionClrAll  		CODE           	2E64	0000	8
		_actionSetAll  		CODE           	2E6C	0000	8
		_vscp_setSegmen		CODE           	2DCE	0000	18
		_sendVSCPFrame 		CODE           	25C6	0000	180
		_vscp_getMDF_UR		CODE           	2CF2	0000	28
		_init_app_eepro		CODE           	267A	0000	174
		_sendCANFrame  		CODE           	2A1A	0000	64
		_vscp_writeAppR		CODE           	20B6	0000	256
		_vscp_getFamily		CODE           	2E3C	0000	10
		_vscp_getBuffer		CODE           	2E86	0000	2
		_vscp_getSubzon		CODE           	2E28	0000	10
		_vscp_getMatrix		CODE           	2C3A	0000	32
		_vscp_goBootloa		CODE           	2D0E	0000	26
		_writeControlRe		CODE           	1A7E	0000	396
		_vscp_readNickn		CODE           	2E50	0000	10
		_interrupt_at_l		CODE           	0018	0000	158
		_doApplicationO		CODE           	2E82	0000	2
		_vscp_getMajorV		CODE           	2E8E	0000	2
		_vscp_getMinorV		CODE           	2E8C	0000	2
		_vscp_writeNick		CODE           	2DE0	0000	18
		_init_app_ram  		CODE           	2DF2	0000	18
		_readControlReg		CODE           	22CC	0000	216
		_vscp_getManufa		CODE           	2D6E	0000	20
		_vscp_getSubMin		CODE           	2E8A	0000	2
		_vscp_getGUID  		CODE           	2D96	0000	20

../main.c estimated size: 3290

C:\Program Files (x86)\Microchip\xc8\v1.21\sources\pic18\plib\Timers\t0write.c
		_WriteTimer0   		CODE           	2E04	0000	18

C:\Program Files (x86)\Microchip\xc8\v1.21\sources\pic18\plib\Timers\t0write.c estimated size: 18

../../vscp_firmware/pic/common/eeprom.c
		_readEEPROM    		CODE           	2DAA	0000	18
		_writeEEPROM   		CODE           	2BB0	0000	38

../../vscp_firmware/pic/common/eeprom.c estimated size: 56

../ECAN.c
		_ECANReceiveMes		CODE           	1512	0000	484
		__RegsToCANID  		CODE           	1D6E	0000	196
		__ECANPointBuff		CODE           	2854	0000	126
		_ECANInitialize		CODE           	27C4	0000	144
		__CANIDToRegs  		CODE           	1FA2	0000	192
		_ECANSetOperati		CODE           	2D40	0000	24
		_ECANSendMessag		CODE           	1C0A	0000	356

../ECAN.c estimated size: 1522

shared
		PL12           		CODE           	14CE	0000	24
		PL8            		CODE           	1E32	0000	14
		PL22           		CODE           	1E66	0000	20
		PL32           		CODE           	16F6	0000	14
		PL14           		CODE           	2086	0000	18
		PL24           		CODE           	2098	0000	20
		PL34           		CODE           	14FA	0000	14
		_vscp_deviceURL		SMALLCONST     	0F00	0000	32
		PL16           		CODE           	1E40	0000	20
		PL26           		CODE           	1A5E	0000	20
		PL36           		CODE           	20AC	0000	10
		PL18           		CODE           	14E6	0000	20
		PL28           		CODE           	1E7A	0000	18
		PL38           		CODE           	1A72	0000	12
		__initializatio		CODE           	2C7A	0000	24
		i1_WriteTimer0 		CODE           	2E16	0000	18
		PL2            		CODE           	18BA	0000	24
		PL10           		CODE           	2076	0000	16
		PL4            		CODE           	2062	0000	20
		PL20           		CODE           	1E54	0000	18
		PL30           		CODE           	21B6	0000	16
		PL6            		CODE           	18D2	0000	14
		PL40           		CODE           	1508	0000	10

shared estimated size: 416

C:\Program Files (x86)\Microchip\xc8\v1.21\sources\common\lbmod.c
		___lbmod       		CODE           	2B16	0000	40

C:\Program Files (x86)\Microchip\xc8\v1.21\sources\common\lbmod.c estimated size: 40

../../vscp_firmware/common/vscp_firmware.c
		_vscp_getEvent 		CODE           	2AC0	0000	44
		_vscp_handleHea		CODE           	29DA	0000	64
		_vscp_readRegis		CODE           	2D58	0000	22
		_vscp_writeRegi		CODE           	2C98	0000	30
		_vscp_error    		CODE           	2E7C	0000	4
		_vscp_readStdRe		CODE           	18E0	0000	382
		_vscp_goActiveS		CODE           	2CB6	0000	30
		_vscp_doOneSeco		CODE           	2946	0000	80
		_vscp_sendEvent		CODE           	2B64	0000	38
		_vscp_check_pst		CODE           	2C5A	0000	32
		_vscp_writeStdR		CODE           	21C6	0000	262
		_vscp_handlePro		CODE           	0F22	0000	1452
		_vscp_handleDro		CODE           	2A90	0000	48
		_vscp_handleSet		CODE           	2BD6	0000	36
		_vscp_handlePro		CODE           	23A4	0000	186
		_vscp_sendHeart		CODE           	2B3E	0000	38
		_vscp_newNodeOn		CODE           	2AEC	0000	42
		_vscp_init     		CODE           	2996	0000	68

../../vscp_firmware/common/vscp_firmware.c estimated size: 2858

C:\Program Files (x86)\Microchip\xc8\v1.21\sources\pic18\plib\Timers\t0open.c
		_OpenTimer0    		CODE           	2CD4	0000	30

C:\Program Files (x86)\Microchip\xc8\v1.21\sources\pic18\plib\Timers\t0open.c estimated size: 30

